✖ paused decoded target before late presentation registration clears loading only after seeked and reuses proof (37.7381ms)
✔ paused presentation rejects paint-only and stale-source target proof (6.1709ms)
✔ completed paused presentation is fenced by account/source/attempt and cleared with seek retirement (13.8337ms)
ℹ tests 3
ℹ suites 0
ℹ pass 2
ℹ fail 1
ℹ cancelled 0
ℹ skipped 0
ℹ todo 0
ℹ duration_ms 142.6096

✖ failing tests:

test at tests\app.test.js:4206:1
✖ paused decoded target before late presentation registration clears loading only after seeked and reuses proof (37.7381ms)
  AssertionError [ERR_ASSERTION]: settled owned decoded seek does not need another paused frame
  
  false !== true
  
      at TestContext.<anonymous> (C:\extensions\Drive-Original\source\tests\app.test.js:4213:10)
      at Test.runInAsyncScope (node:async_hooks:227:14)
      at Test.run (node:internal/test_runner/test:1325:25)
      at Test.start (node:internal/test_runner/test:1191:17)
      at startSubtestAfterBootstrap (node:internal/test_runner/harness:385:17) {
    generatedMessage: false,
    code: 'ERR_ASSERTION',
    actual: false,
    expected: true,
    operator: 'strictEqual',
    diff: 'simple'
  }
