worker ac3 false {
  audioMetrics: {
    opened: 0,
    closed: 0,
    liveContexts: 0,
    pendingOpens: 0,
    inFlightDecode: 0,
    decodedPackets: 0,
    decodedFrames: 0,
    transferredPcmBytes: 0,
    failures: 0,
    peakPacketBytes: 0,
    peakPcmBytes: 0,
    peakHeapBytes: 0,
    moduleLoading: false,
    heapBytes: 0
  },
  audioCleanup: undefined,
  message: 'AUDIO_VIDEO_COLOR_UNQUALIFIED',
  cleanup: {
    settled: true,
    pendingCallbacks: 0,
    cleanupPending: 0,
    cleanupFailed: false
  },
  reads: {
    requests: 1,
    bytes: 65536,
    logicalReads: 5,
    cacheHits: 8,
    peakCache: 65536,
    inFlight: 0,
    peakInFlight: 1,
    peakQueued: 1,
    discoveryBytes: 65536,
    discoveryRequests: 1
  }
}
worker eac3 false {
  audioMetrics: {
    opened: 0,
    closed: 0,
    liveContexts: 0,
    pendingOpens: 0,
    inFlightDecode: 0,
    decodedPackets: 0,
    decodedFrames: 0,
    transferredPcmBytes: 0,
    failures: 0,
    peakPacketBytes: 0,
    peakPcmBytes: 0,
    peakHeapBytes: 0,
    moduleLoading: false,
    heapBytes: 0
  },
  audioCleanup: undefined,
  message: 'AUDIO_VIDEO_COLOR_UNQUALIFIED',
  cleanup: {
    settled: true,
    pendingCallbacks: 0,
    cleanupPending: 0,
    cleanupFailed: false
  },
  reads: {
    requests: 1,
    bytes: 65536,
    logicalReads: 5,
    cacheHits: 8,
    peakCache: 65536,
    inFlight: 0,
    peakInFlight: 1,
    peakQueued: 1,
    discoveryBytes: 65536,
    discoveryRequests: 1
  }
}
worker sar false {
  audioMetrics: {
    opened: 0,
    closed: 0,
    liveContexts: 0,
    pendingOpens: 0,
    inFlightDecode: 0,
    decodedPackets: 0,
    decodedFrames: 0,
    transferredPcmBytes: 0,
    failures: 0,
    peakPacketBytes: 0,
    peakPcmBytes: 0,
    peakHeapBytes: 0,
    moduleLoading: false,
    heapBytes: 0
  },
  audioCleanup: undefined,
  message: 'AUDIO_VIDEO_COLOR_UNQUALIFIED',
  cleanup: {
    settled: true,
    pendingCallbacks: 0,
    cleanupPending: 0,
    cleanupFailed: false
  },
  reads: {
    requests: 2,
    bytes: 97390,
    logicalReads: 7,
    cacheHits: 11,
    peakCache: 97390,
    inFlight: 0,
    peakInFlight: 1,
    peakQueued: 1,
    discoveryBytes: 97390,
    discoveryRequests: 2
  }
}
worker long false {
  audioMetrics: {
    opened: 0,
    closed: 0,
    liveContexts: 0,
    pendingOpens: 0,
    inFlightDecode: 0,
    decodedPackets: 0,
    decodedFrames: 0,
    transferredPcmBytes: 0,
    failures: 0,
    peakPacketBytes: 0,
    peakPcmBytes: 0,
    peakHeapBytes: 0,
    moduleLoading: false,
    heapBytes: 0
  },
  audioCleanup: undefined,
  message: 'AUDIO_VIDEO_COLOR_UNQUALIFIED',
  cleanup: {
    settled: true,
    pendingCallbacks: 0,
    cleanupPending: 0,
    cleanupFailed: false
  },
  reads: {
    requests: 1,
    bytes: 65536,
    logicalReads: 5,
    cacheHits: 8,
    peakCache: 65536,
    inFlight: 0,
    peakInFlight: 1,
    peakQueued: 1,
    discoveryBytes: 65536,
    discoveryRequests: 1
  }
}
worker bframes true {
  audioMetrics: {
    opened: 0,
    closed: 0,
    liveContexts: 0,
    pendingOpens: 0,
    inFlightDecode: 0,
    decodedPackets: 0,
    decodedFrames: 0,
    transferredPcmBytes: 0,
    failures: 0,
    peakPacketBytes: 0,
    peakPcmBytes: 0,
    peakHeapBytes: 0,
    moduleLoading: false,
    heapBytes: 0
  },
  audioCleanup: undefined,
  message: 'AUDIO_VIDEO_COLOR_UNQUALIFIED',
  cleanup: {
    settled: true,
    pendingCallbacks: 0,
    cleanupPending: 0,
    cleanupFailed: false
  },
  reads: {
    requests: 2,
    bytes: 109241,
    logicalReads: 8,
    cacheHits: 12,
    peakCache: 109241,
    inFlight: 0,
    peakInFlight: 1,
    peakQueued: 1,
    discoveryBytes: 109241,
    discoveryRequests: 2
  }
}
worker surround true {
  audioMetrics: {
    opened: 0,
    closed: 0,
    liveContexts: 0,
    pendingOpens: 0,
    inFlightDecode: 0,
    decodedPackets: 0,
    decodedFrames: 0,
    transferredPcmBytes: 0,
    failures: 0,
    peakPacketBytes: 0,
    peakPcmBytes: 0,
    peakHeapBytes: 0,
    moduleLoading: false,
    heapBytes: 0
  },
  audioCleanup: undefined,
  message: 'AUDIO_DECODE_FAILED',
  cleanup: {
    settled: true,
    pendingCallbacks: 0,
    cleanupPending: 0,
    cleanupFailed: false
  },
  reads: {
    requests: 1,
    bytes: 65536,
    logicalReads: 5,
    cacheHits: 8,
    peakCache: 65536,
    inFlight: 0,
    peakInFlight: 1,
    peakQueued: 1,
    discoveryBytes: 65536,
    discoveryRequests: 1
  }
}
worker corrupt true {
  audioMetrics: {
    opened: 0,
    closed: 0,
    liveContexts: 0,
    pendingOpens: 0,
    inFlightDecode: 0,
    decodedPackets: 0,
    decodedFrames: 0,
    transferredPcmBytes: 0,
    failures: 0,
    peakPacketBytes: 0,
    peakPcmBytes: 0,
    peakHeapBytes: 0,
    moduleLoading: false,
    heapBytes: 0
  },
  audioCleanup: undefined,
  message: 'AUDIO_VIDEO_COLOR_UNQUALIFIED',
  cleanup: {
    settled: true,
    pendingCallbacks: 0,
    cleanupPending: 0,
    cleanupFailed: false
  },
  reads: {
    requests: 1,
    bytes: 65536,
    logicalReads: 5,
    cacheHits: 8,
    peakCache: 65536,
    inFlight: 0,
    peakInFlight: 1,
    peakQueued: 1,
    discoveryBytes: 65536,
    discoveryRequests: 1
  }
}
player ac3 false Error: GENERAL_PLAYBACK_FAILED
player eac3 false Error: GENERAL_PLAYBACK_FAILED
player sar false Error: GENERAL_PLAYBACK_FAILED
page.evaluate: Error: GENERAL_PLAYBACK_FAILED
    at fail (http://127.0.0.1:64237/media/general-player.mjs:31:96)
    at http://127.0.0.1:64237/media/general-player.mjs:43:61
    at C:\extensions\Drive-Original\source\qa\q2-general-product-integration\native.cjs:7:139 {
  log: []
}
