✔ two continuously visible clients receive independent concurrent edits without refocus or reload (167.8924ms)
✔ edge completion already queued before cancellation cannot navigate afterward (10.0635ms)
✔ edge animation promise and deadline can commit at most once (4.8991ms)
✔ foreground polling stops for hidden, offline, expired, demo and unverified sessions (38.456ms)
✔ rearming and token clearing invalidate queued refresh callbacks without a request (5.1813ms)
✔ refresh waits behind a pending write and cannot cross an account generation (4.222ms)
✔ server Retry-After survives immediate resume and permanent permission errors stop polling (6.6096ms)
✔ Drive 403 rate-limit errors back off rather than blocking future refresh (3.6936ms)
✔ verified same-account session credential renewal restarts polling for an already-loaded account (4.4422ms)
✔ remote favorite membership invalidates back snapshots and refreshes the visible projection without reset (5.3985ms)
✔ an old fulfilled edge animation cannot clear or complete a replacement transition (7.4494ms)
✔ separate state gate permits canonical own PATCH and CREATE while generic, fake marker and foreign PATCH never transmit a mutation (175.9865ms)
✔ lost CREATE response, delayed catalog and reload reuse one durable ID; 409 confirms rather than duplicates (31.5042ms)
✔ invalid cache, quota persistence failure, unsafe raw schema/catalog and missing writer body block writes and preserve local data (48.5971ms)
✔ PATCH404 requires fresh catalog absence before CREATE and refuses a still-visible or replaced own writer (17.8934ms)
✔ readback checks fixed submitted payload while a concurrent local edit remains pending for follow-up (13.3004ms)
✔ reservation must be valid, account-owned and durably reread before any POST (52.6853ms)
✔ native write failures never retry within driveFetch; wrong owner or incomplete body readback never marks sync success (56.1412ms)
✔ unconfirmed tombstones cannot report sync success even when upload HTTP succeeds (7.9648ms)
✔ account switch and request abort during catalog cannot dispatch a state write or install old state (8.2277ms)
✔ fresh origin reconstructs complete writer union, unlike tie and maximum viewed; normal two-writer writes converge (31.6637ms)
✔ AUTH-05 appData-only token retains scoped state writes under the ordinary Drive write lock (9.714ms)
✔ candidate runtime blocks Drive mutations before fetch until the state gate opens (138.7254ms)
✔ candidate prerelease versions remain valid and compare in SemVer order (13.9664ms)
✔ update checks keep newest feedback and release manual loading across out-of-order success and errors (74.5998ms)
✔ update deadline releases current manual loading for hanging fetch, body, and worker without losing a valid update (28.2124ms)
✔ a stale update deadline cannot clear the newer automatic check manual loading (16.1274ms)
✔ real listing failure logs fixed status classification without upstream private identifiers or credentials (14.3584ms)
✔ app failure records preserve auth/network/fixed codes but discard raw message stack and attached payload (14.598ms)
✔ a new service worker reconnects only a pre-byte Range source without consuming its retry (10.6951ms)
✔ callback auth error is consumed once, preserves unrelated URL state, and ignores unknown input safely (8.8654ms)
✔ GIF detection covers MIME and case-insensitive filename fallback (9.8873ms)
✔ session credentials are strict, memory-only, and remove legacy browser artifacts (11.5137ms)
✔ same-origin credential requests are single-flight and send the account fence (12.08ms)
✔ initial session recovery keeps the reconnect action inert until the credential probe settles (9.9685ms)
✔ iOS standalone starts OAuth inside the web-app context while browser surfaces keep same-window navigation (33.5255ms)
✔ a blocked standalone OAuth window fails closed and releases the connect action (9.0013ms)
✔ standalone popup and deadline failures preserve an already usable session (39.5324ms)
✔ standalone foreground recovery is single-owner, survives one early 401, and opens the library on credential proof (19.2405ms)
✔ standalone recovery requires a new HttpOnly-session marker instead of any usable token or revision change (10.3948ms)
✔ a standalone recovery timer that fires while hidden consumes no probe budget (9.2103ms)
✔ pageshow alone can resume standalone recovery and a later return gets a fresh bounded probe epoch (9.241ms)
✔ standalone recovery expires at the OAuth transaction deadline and stale completion cannot revive it (18.3465ms)
✔ standalone deadline generation-fences a real credential response that resolves late (7.3578ms)
✔ offline and non-JSON credential failures are bounded and preserve the current memory credential (7.8232ms)
✔ concurrent credential waiters share one failed request without starting another fetch (6.0978ms)
✔ cancelling a Drive credential waiter releases it while the shared refresh serves another request (19.6603ms)
✔ foreground rechecks use wall-clock expiry and one shared refresh while hidden/offline stay idle (6.77ms)
✔ a Q1 token reply authorizes only the same player source that survived the shared refresh (24.3573ms)
✔ a credential response parsed after its account generation changes cannot install (8.3731ms)
✔ account and revision fences reject stale credentials without replacing the current account (5.4536ms)
✔ logout and disconnect use separate server actions and clear browser session state only after success (5.8369ms)
✔ pagination exhausts tokens and rejects a repeated cursor (8.4405ms)
✔ render window is row-aligned and never exceeds the hard DOM cap (7.5294ms)
✔ move rows include roots, descendants, orphans, and cycles exactly once (8.8043ms)
✔ breadcrumb items show the Drive root exactly once and remove stale duplicate entries (6.8454ms)
✔ random selection uses the complete population and avoids the current item (6.0871ms)
✔ account media state merges viewed history and honors the newest favorite toggle (7.5993ms)
✔ shorts deck exhausts unseen account media before watched candidates (6.6925ms)
✔ double-tap reserves only narrow video edges for seek and likes everywhere else (6.7879ms)
✔ mobile tap pairs toggle favorites once per pair and consume the gesture (6.457ms)
✔ mobile library edge swipe tracks from the left edge and commits one back navigation (8.5257ms)
✔ account state upload creates a private appDataFolder JSON file (5.8128ms)
✔ account initialization merges a newer offline cache and schedules it back to Drive (7.5195ms)
✔ favorite catalog view spans folders and excludes folders and non-media records (4.6415ms)
✔ favorite resolution reuses known media and identifies only unresolved file IDs (4.8334ms)
✔ favorite view keeps cached matches and fetches missing liked files when account refresh fails (8.2132ms)
✔ library status ownership prevents a late request from reviving stale text (5.113ms)
✔ non-video media immediately hides stale video playback controls (5.4678ms)
✔ vertical shorts deck preassigns two items above and below and reverses spatially (7.3118ms)
✔ later metadata pages extend the frozen horizontal order without reshuffling it (4.3066ms)
✔ original buffer policy prefers bounded OPFS and denies unsafe memory downloads (4.2658ms)
✔ QA-TR-11 local storage limits stay explicit and never auto-select compatibility (6.7059ms)
✔ QA-TR-11 a native memory Blob allocation failure stays storage-limited (5.265ms)
✔ QA-TR-11 mid-write OPFS quota cleans its lease and ends as storage-limited (6.3104ms)
✔ QA-TR-11 a superseded buffer failure cannot replace the newer source (7.6682ms)
✔ QA-TR-11 a superseded storage-policy result cannot replace the newer source (3.8926ms)
✔ known-clean initial Q0 assigns its source synchronously without storage policy or full download (3.7658ms)
✔ an exhausted temporary-disk route is not selected again after Range fallback (4.3789ms)
✔ shorts playback order ignores search and media filter subsets (4.0012ms)
✔ move capability checks distinguish shared-drive exits from My Drive entries (4.2929ms)
✔ resource-key headers keep raw keys and include each referenced item once (3.8924ms)
✔ G-drive-scale render mounts at most 240 cards and uses static GIF canvases instead of animated images (22.3791ms)
✔ GIF thumbnail loader draws one static cover frame and then releases the detached image (28.3066ms)
✔ GIF thumbnail backing pixels exist only near the viewport and are released after exit (29.9032ms)
✔ GIF draw failures immediately release the expanded canvas backing store (31.9016ms)
✔ swipe commits require a dominant deliberate movement or a qualifying flick (5.3349ms)
✔ an axis-locked swipe commits from signed distance and velocity without a second dominance test (3.8059ms)
✔ frozen swipe navigation commits the previewed file ID even if the surrounding order changes (3.9556ms)
✔ video transition keeps the neighbour poster until a frame is actually presented (4.5916ms)
✔ opt-in media trace is redacted, session-correlated and added to media URLs only while active (5.8564ms)
✔ a superseded playback keeps its cancellation trace without mutating the newer file session (3.9418ms)
✔ a superseded direct full-original request reports late bytes and cancellation to its retired trace (3.9203ms)
✔ media trace does not call metadata a decoded frame and waits for frame presentation (3.7108ms)
✔ media element errors remain provisional until the worker classification window closes (5.3825ms)
✔ frame watchdog starts only after positive media bytes and keeps one recovery owner (5.1238ms)
✔ actual frame time progress renews one watchdog lease while duplicate frames do not (5.1742ms)
✔ timeupdate is a monotonic fallback only when frame callbacks are unavailable and no seek is active (4.5521ms)
✔ seek completion requires seeked plus a decoded frame at each requested target (5.794ms)
✔ a delayed owned decoded frame completes a playing seek at its advancing playhead (4.8096ms)
✔ delayed seek presentation rejects stale, unrelated, implausible and paint-only frames (3.8798ms)
✔ delayed seek timeline accounts for rate changes, paused time and hidden playback separately (8.6879ms)
✔ advancing currentTime without an owned decoded frame still reaches seek recovery once (4.1386ms)
✔ seek completion times out once at 15 seconds and delegates to existing Range recovery (5.2504ms)
✔ a classified worker failure beats a captured seek timer and remains the sole recovery owner (4.5544ms)
✔ a newer seek fences stale seeked events, frame callbacks, and timers (4.4734ms)
✔ seek clock spends only active foreground time across pause, hidden, offline, and pointer drag (18.1466ms)
✔ source replacement, session replacement, and source clearing make old seek work inert (15.3603ms)
✔ timeupdate remains fallback evidence and never replaces a decoded seek frame (20.118ms)
✔ frame watchdog suspends for inactive playback and rejects stale timers and frame callbacks (8.9071ms)
✔ buffered-original frame timeout stops locally and leaves compatibility as a user choice (5.0805ms)
✔ task pool caps concurrency and returns aligned all-settled results (38.5323ms)
✔ Drive view, preview, and media URLs preserve required context (7.2134ms)
✔ original-first recovery router never downgrades transient failures before retry and buffer recovery (3.4021ms)
✔ proxy classification preserves structured range and Drive failure causes (3.6608ms)
✔ stream timeouts have one app retry owner and block a competing media fallback (4.0123ms)
✔ quality labels remain neutral until original byte delivery is verified (3.0213ms)
✔ abuse acknowledgement is opt-in and scoped to the selected file (3.5486ms)
✔ video playback failures distinguish retryable network errors from codec failures (3.6091ms)
✔ full-original recovery retries complete transfer at most three times and rejects partial bodies (5.4552ms)
✔ full-original permission failure refreshes once in-app before requiring reconnection (3.4584ms)
✔ folder strip rendering obeys its hard cap (4.3632ms)
✔ bulk move eligibility skips current items but blocks any non-current permission failure (3.2278ms)
✔ bulk action target text is stable for empty, single, and multi-file selections (9.6338ms)
✔ clearing a pending session credential request aborts it and permits a new generation (3.3767ms)
✔ Q1 retirement hides no pending cleanup and carries failure across later owners (3.1365ms)
✔ Q1 worker retirement requires a matching live controller reply and closes every port/listener (25.8792ms)
✔ native-only initial startup assigns its source synchronously before immediate play (3.3447ms)
✔ a native sniff fallback retirement reply cannot mutate a later file, session, account or source (55.1709ms)
✔ native unsupported container keeps requested play intent but gesture denial clears it (4.3835ms)
✔ native restore callback cannot reposition a later Q1 source in the same session (3.4126ms)
✔ early TS eligibility is a bounded hint and preserves native capability and unknown-size paths (3.491ms)
✔ early TS route chooses Q1 or Q0 only after the owned probe result (6.7338ms)
✔ initial native replacement waits for Q1 retirement and rejects failed or stale cleanup (9.1431ms)
✔ a stale early probe cannot assign native after an account change (3.035ms)
✔ same-session initial calls have one route owner and cannot bypass an active probe cleanup (3.0736ms)
✔ AUTH-05 missing appData preserves playback and local pending state while allowing Drive reads (5.1306ms)
✔ AUTH-05 appData-only grants can read state but cannot read ordinary files or authorize old credentials (3.878ms)
✔ AUTH-05 ordinary media worker receives no token without Drive read capability (3.1567ms)
✔ favorites bulk actions resolve the favorites population, never the underlying folder (130.2669ms)
✔ empty selection cannot fall through to a previously opened player file (4.1269ms)
✔ completed favorites do not require unrelated folder pagination (4.8441ms)
✔ equal-time favorite merges are commutative and cancellation wins a concurrent tie (5.9255ms)
✔ account state rejects non-finite timestamps and preserves prototype-like IDs as data (3.1479ms)
✔ forward shorts neighbor receives the last unseen item before watched media (3.6239ms)
✔ Retry-After preserves server cooldown instead of retrying early (5.084ms)
✔ retry waits remove their abort listener after normal completion (3.8325ms)
✔ late Drive HTTP responses are rejected after the account generation changes (16.6165ms)
✔ late Drive JSON bodies cannot commit into a new account generation (4ms)
✔ seekbar keyboard handling is consumed before global shortcuts (5.4788ms)
✔ browser modifier shortcuts and native button activation are not hijacked by the player (3.8002ms)
✔ paginated collectors discard a final page completed after cancellation (3.8079ms)
✔ old temporary file cleanup cannot delete a newer session or source generation (3.1346ms)
✔ cache reset leaves sibling application caches and workers intact (3.5557ms)
✔ simultaneous device writes preserve both edits without overwriting the legacy file (25.6436ms)
✔ stale account initialization cannot repopulate an invalidated Drive session (3.5427ms)
✔ deleted writer file is recreated without patching another device file (4.0996ms)
✔ sort and filter caches reuse stable populations and invalidate replacement and growth (3.8154ms)
✔ selection cancelled while full pagination is pending remains cancelled (4.1338ms)
✔ a delayed tap cannot control the next media session (3.6277ms)
✔ unusable seek durations and secondary pointers never start a seek gesture (4.2003ms)
✔ finite deadlines reject stalled initialization and preserve successful results (42.5964ms)
✔ a background credential from a different account cannot replace the current token (4.35ms)
✔ edge back uses projected release velocity but respects deliberate reversal (3.4544ms)
✔ owned view history records one synchronous entry per navigation with account isolation (5.7111ms)
✔ Safari and standalone WebKit reserve the native edge when app history is owned (4.8064ms)
✔ navigation snapshots are invalidated after mutations instead of reviving removed files (3.8251ms)
✔ a browser-owned noncancelable or multi-touch edge never commits custom navigation (7.2731ms)
✔ unsatisfied error ranges do not mask other structured failure causes (5.8955ms)
✔ forward deck promotes remaining unseen neighbors without changing reverse history (4.1403ms)
✔ scope authority is exact and granular; per-file and metadata grants do not become full-library authority (9.0189ms)
✔ 20 callers across two owners share exactly one persisted refresh and revision (20.2966ms)
✔ restart waits for persisted dead lease then recovers; late revision cannot replace current (63.9839ms)
✔ older rejected revision reuses current credential; future revision and other account are fenced (2.4395ms)
✔ missing refresh field preserves encrypted secret on refresh and verified exchange (1.4647ms)
✔ replacement refresh credential commits atomically with revision (1.0421ms)
✔ invalid_grant closes refresh loop and preserves unrelated product state (1.9356ms)
✔ network error preserves credentials and persisted cooldown bounds concurrent retry (4.1971ms)
✔ logout ends one session; disconnect removes all sessions/secrets and reports inconclusive revoke (2.928ms)
✔ disconnect fences refresh already in flight and never restores deleted secret (1.7693ms)
✔ a delayed stale alarm write repairs to the latest durable deadline (14.6921ms)
✔ alarm cancellation failure cannot suppress committed disconnect or revoke result (2.1586ms)
✔ contested alarm reconciliation falls back to an early repair wake-up, never stale null (1.1895ms)
✔ session establishment fails closed when no retention alarm can be installed (1.6126ms)
✔ failed additional establishment removes only its session and keeps the prior one usable (1.1972ms)
✔ simultaneous failed establishments each remove their own session and final credential (4.4991ms)
✔ final logout drops the credential early when its seven-day alarm cannot be installed (7.2043ms)
✔ alarm rearm failure propagates to the host retry path (0.7924ms)
✔ last logout starts seven-day retention; verified re-entry cancels deletion (1.2774ms)
✔ expiry retention uses actual expiration time even if alarm wakes late; absolute limit caps rolling session (3.5038ms)
✔ pre-auth transaction atomically consumes once across concurrent replay (4.4295ms)
✔ consumed pre-auth state stays terminal when alarm cancellation is unavailable (1.193ms)
✔ wrong cookie, wrong state, expiry and abandoned-flow alarm delete transaction secrets (1.7127ms)
✔ routes require exact origin, CSRF and Fetch Metadata and return no-store redacted failures (68.2687ms)
✔ routes reject secret-bearing/unknown fields, malformed JSON, oversized bodies and media paths (7.3239ms)
✔ transaction route exposes no PKCE verifier and deletes record before a failed exchange (10.0514ms)
✔ transaction callback cleanup also covers unknown input and unavailable exchange adapter (8.1553ms)
✔ partial grants survive refresh omission and explicit reductions replace authority (3.5641ms)
✔ legacy all-scope durable access migrates explicitly and unknown scope versions fail closed (0.8807ms)
✔ partial credentials require capability-aware clients and reject unknown protocols (4.5491ms)
✔ a new verified grant repairs an old-Worker overwrite without authorizing ordinary access (3.5927ms)
✔ checked-in candidate enables auth at the exact public origin while Drive writes remain disabled (4.1894ms)
✔ AES-GCM refresh envelope is versioned, account-bound and tamper-evident (49.558ms)
✔ client session markers are stable per HttpOnly session and domain-separated from routing keys (4.1307ms)
✔ authorization URL uses exact redirect, PKCE S256, nonce, offline access and minimum scopes (2.7216ms)
✔ Google ID token verifies signature and every identity/time/nonce claim, canonicalizing issuer (843.7662ms)
✔ code exchange sends verifier and accepts partial feature grants after OIDC verification (89.6895ms)
✔ code exchange reports only fixed diagnostic stages for rejected Google responses (2.4545ms)
✔ all Google server requests use manual redirects and reject every redirect response (48.1464ms)
✔ SQLite adapter commits atomically and rolls back thrown mutations (0.7932ms)
✔ one SQLite AuthObject provides one-use transaction and alarm-backed opaque locator owners (6.5318ms)
✔ exact GET start/callback flow sets hardened cookies and locator routing ignores browser account IDs (72.1363ms)
✔ recoverable callback failures expire pre-auth and redirect to one allowlisted root query without callback data (51.8034ms)
✔ live diagnostic wiring reports a fixed token rejection stage without leaking provider data (18.2965ms)
✔ checked-in diagnostic flag uses the fixed-stage logger without upstream data (46.9602ms)
✔ failed session-locator creation rolls account establishment back before any session cookie escapes (27.9748ms)
✔ auth surface rejects non-allowlisted return targets and static files stay on the same Worker origin (46.6792ms)
✔ checked-in auth kill switch fails closed without blocking same-origin static assets (0.515ms)
✔ callback config and origin failures stay JSON failures instead of redirecting (2.4485ms)
✔ refresh accepts partial scopes but rejects malformed or non-OIDC scope claims (1.3985ms)
✔ iOS standalone reserves native history, with no second custom page animation (102.4902ms)
✔ paused video never forces the central play overlay into view (3.2995ms)
✔ passive timer resets cannot reveal hidden chrome or pause the immersive state (3.1632ms)
✔ a file permission failure does not erase account credentials (9.9669ms)
✔ same-account session credential renewal preserves listing and session generations (14.7059ms)
✔ card long press supports pointer mouse and cancels a second contact (4.1924ms)
✔ bottom activation follows the native entry rectangle, independent of media pause (3.7789ms)
✔ edge-owned touch cannot become a video-swipe even without a back destination (5.2974ms)
✔ secondary 401 handlers cannot clear a newer token or a different account (4.0392ms)
✔ account-mismatched session credential preserves the current account instead of replacing it (10.9539ms)
✔ Drive API 403 preserves the token and carries no bearer credentials in its error (12.156ms)
✔ an older player-close deadline cannot unlock a newer back operation (4.6226ms)
✔ a late 401 uses the newer revision even when token text is identical (5.6147ms)
✔ trash response parse failure never substitutes for an independent GET (150.7629ms)
✔ move uses actual remote parents instead of synthesizing a missing response field (20.2781ms)
✔ trash: applied before lost response confirms by GET without replay (12.755ms)
✔ move: applied before lost response confirms by GET without replay (14.5519ms)
✔ lost before apply stays uncertain through repeat/reload; recovery only reads (22.5383ms)
✔ deny: rejection plus unchanged GET is failed, never transparent PATCH retry (12.5409ms)
✔ rate: rejection plus unchanged GET is failed, never transparent PATCH retry (8.9117ms)
✔ operation ID is payload-bound; repeated confirmed operation never replays even after external restore (13.464ms)
✔ account switch after submission preserves origin uncertainty and never reads it with new account (11.0343ms)
✔ storage failure before submit and unsupported locking prevent all PATCHes (13.8165ms)
✔ persistence failure after remote confirmation retains recoverable submitted evidence (10.569ms)
✔ stale snapshot, denied capabilities and unverified metadata stop before PATCH (41.856ms)
✔ cross-tab account lock prevents two stale intents from submitting the same file (16.7512ms)
✔ shortcut mutation stays on selected ID, and move removes verified parents only (7.4233ms)
✔ root destination alias accepts omitted parents but uses the returned canonical ID (9.7637ms)
✔ mixed bulk failure summary counts uncertainty separately from rejection and conflict (14.0579ms)
✔ only an explicit new UI retry may resend after fresh unchanged-version readback (8.1346ms)
✔ explicit retry cannot overwrite an external edit or retry an unknown version (14.0128ms)
✔ no arbitrary 2000-operation cap; completed records retain their identity and proof (74.4371ms)
✔ repeated 404 or unreadable readback stays uncertain without null/stale observation retry (18.3759ms)
✔ batch preserves earlier confirmed origin items when a later submission changes account (7.1923ms)
✔ an async UI refresh cannot change the already captured mutation intent (8.2604ms)
✔ normal account sync is silent; local storage and sync errors remain truthful (110.2548ms)
✔ video viewed requires presentation progress, not an open, paused frame or seek (7.6373ms)
✔ hidden, failed, stale-session and account-switched videos cannot write viewed state (54.4442ms)
✔ source and seek generations cannot combine presentation observations (16.4783ms)
✔ image viewed waits for decode and paint, and rejects stale decode completion (14.4051ms)
✔ broken or replaced images and rejected decoding never become viewed (38.2466ms)
✔ automatic original retry rebinds viewed ownership without double-recording (13.6319ms)
✔ foreground return resumes a background-loaded image with fresh paint evidence (7.0934ms)
✔ actual page/SW first snapshot is private, overrides listing, and subsequent ranges remain revision A (173.6294ms)
✔ restarted worker rebinds page-retained A without provider acquisition (29.9401ms)
✔ 401 refresh authorizes same URI and source snapshot (17.8187ms)
✔ drift fails before any original bytes without latest fallback (12.1789ms)
✔ headless fails before any original bytes without latest fallback (10.7652ms)
✔ nonpartial fails before any original bytes without latest fallback (10.2102ms)
✔ unsafeURI fails before any original bytes without latest fallback (11.8704ms)
✔ wrong Q0 token tuple never authorizes provider traffic (8.9706ms)
✔ malformed private owner reply fileId cannot start provider acquisition (9.8455ms)
✔ malformed private owner reply clientId cannot start provider acquisition (7.7225ms)
✔ malformed private owner reply sourceGeneration cannot start provider acquisition (7.0384ms)
✔ malformed private owner reply accountGeneration cannot start provider acquisition (7.1702ms)
✔ malformed private owner reply accountKey cannot start provider acquisition (6.4893ms)
✔ malformed private owner reply mediaSession cannot start provider acquisition (5.294ms)
✔ private owner resource key with a control character is rejected before fetch (6.5716ms)
✔ native first abort detaches from shared acquisition and the next range receives its exact pin (28.2346ms)
✔ source retirement joins cooperative pending metadata and forbids late page binding (8.1814ms)
✔ noncooperative metadata cleanup remains sticky and blocks successor generation (45.0355ms)
✔ pending operation polls entire opaque name exactly once; initial done does not GET (31.612ms)
✔ a changed page owner (state.authAccountKey='other') rejects late pin admission (11.6303ms)
✔ a changed page owner (state.driveSessionGeneration=2) rejects late pin admission (9.4174ms)
✔ a changed page owner (state.mediaSession=8) rejects late pin admission (6.4498ms)
✔ a changed page owner (mediaSourceGeneration=13) rejects late pin admission (10.1321ms)
✔ retirement cancels a pending JSON reader and waits for its real cancellation barrier (9.7387ms)
✔ pinned body no-progress timeout cancels actual reader and status events omit private descriptor and URI (58.8012ms)
✔ failed JSON-reader cancellation is sticky even after its read promise settles (6.5721ms)
✔ actual application source-pin classification terminates without native rebuild or original-buffer fallback (5.4951ms)
✔ revision HTTP 403 becomes terminal source-pin and never resamples latest (8.6527ms)
✔ revision HTTP 404 becomes terminal source-pin and never resamples latest (7.5261ms)
✔ revision HTTP 410 becomes terminal source-pin and never resamples latest (5.7376ms)
✔ full-original recovery uses retained revision URI and direct read authorization after latest changes (8.5832ms)
✔ full-original recovery without a pin fails explicitly while ordinary thumbnail reads retain their existing route (5.3112ms)
✔ retained full-original resource-key header comes from the private descriptor rather than stale listing (6.2587ms)
✔ absent retained resource key removes stale listing key from SW ranges and direct full-original recovery (7.0361ms)
✔ cold first controller claim waits without assigning native source, coalesces, then begins actual Q0 synchronously (3.5679ms)
✔ cold control deadline fails after bounded 12s without native assignment or compatibility fallback (2.7464ms)
✔ cold control callback cannot resume after clearDirectMediaSources() (2.57ms)
✔ cold control callback cannot resume after state.authAccountKey='other' (2.5363ms)
✔ cold control callback cannot resume after state.driveSessionGeneration=2 (2.8586ms)
✔ cold control callback cannot resume after state.mediaSession=8 (2.9876ms)
✔ cold control callback cannot resume after mediaSourceGeneration=13 (2.4593ms)
✔ only observed Range503 has frozen recovery advice, with no source retry or body delivery (74.2516ms)
✔ Range503 Retry-After advice is bounded, strict and contains no raw header (20.0469ms)
✔ other statuses, malformed206 and spoofed metadata/callback errors never gain recovery advice (10.9686ms)
✔ Range503 cancellation rejection or unfinished cancellation still blocks replacement (46.7066ms)
✔ SW remote cleanup uncertainty keeps Q1 retirement failed even after its local response body settles (2.2169ms)
✔ checksum learned before a failed503 remains bound for replacement identity checks (2.3826ms)
✔ only absent opening revision is unavailable, with settled cleanup and no range callback (1.801ms)
✔ missing opening revision never hides other malformed metadata or permission denial (3.2191ms)
✔ empty and malformed opening revisions are not eligibility fallback (1.9154ms)
✔ revision disappearance after opening is terminal drift, not eligibility fallback (3.9008ms)
✔ fresh open/pre/post content fences release exact bytes while version-only changes succeed (3.4687ms)
✔ postflight owns all bytes: none are released before matching metadata finishes (11.3257ms)
✔ content changes and permission loss fail before range access, without adopting a new baseline (7.1588ms)
✔ postflight drift or metadata failure discards the full body and redacts provider errors (2.4118ms)
✔ checksum may be initially unavailable but becomes a strict fence once observed (2.7585ms)
✔ effective frozen identity carries a late checksum through abort without mutating opening snapshots (2.382ms)
✔ malformed/missing/zero/short/overlong range headers cancel the opened body without consuming it (9.2034ms)
✔ empty/short/long/error bodies fail without a successful postflight or escaping bytes (7.071ms)
✔ safe exact offsets exceed4GiB, while invalid endpoints and >1MiB requests fail before callbacks (3.393ms)
✔ concurrent reads terminalize both requests with no invisible queue (2.7129ms)
✔ open and per-read deadlines settle even when injected callbacks ignore abort (71.6282ms)
✔ abort during body/postflight and account staleness cancel owners and suppress completion (3.5434ms)
✔ predicate reentry/abort/throw/async values cannot leak output or provider errors (1.8506ms)
✔ last ownership check after completed postflight still suppresses returned-byte metrics and reentry (1.6668ms)
✔ unacknowledged or rejected external cancellation is reported, without retaining arrays or permitting retries (2.0426ms)
✔ body cancellation starts before transport abort so an abort-errored stream does not falsely fail cleanup (2.9376ms)
✔ exact1MiB body is bounded and owned; each per-read abort signal also terminalizes the source (4.7615ms)
✔ per-read signal, hostile request accessors and unsupported options are fixed-code terminal failures (2.5536ms)
✔ shared abort completion waits for late Range response cancellation before permitting replacement (2.3911ms)
✔ ignored metadata and rejected cancellation provide a bounded explicit no-replacement result (24.4888ms)
✔ failed opening carries cleanup evidence when metadata ignores abort and no owner could be returned (45.4217ms)
✔ abort in response handoff microtasks cannot acknowledge cleanup before the opened body is cancelled (11.634ms)
✔ classic IIFE and CommonJS expose the same bounded helper surface (5.7518ms)
✔ first acquisition brackets empty revision POST with metadata; initialdone never polls (4.6305ms)
✔ retained A pin returns identical object without sampling latest B or new operation (2.951ms)
✔ descriptor equality is canonical across property order but preserves first-checksum absence (1.9183ms)
✔ all first-identity and permission changes reject before candidate is returned (9.9669ms)
✔ absent revision, document export, denied permission and malformed checksums are classified (10.6595ms)
✔ private provider URI rejects other origin, path, revision, credentials, fragments and duplicate alt (2.6172ms)
✔ nonpartial and invalid completed response cannot become unchecked media (2.351ms)
✔ pending operations use fixed10s spacing, exact opaque name and at most3 polls (1.9669ms)
✔ changed operation name/resource key, invaliddone, error and responsewhilepending reject (2.4371ms)
✔ independent wall deadline aborts a held hook without claiming it drained (15.0078ms)
✔ deadline includes pending pause and does not start a late poll (15.3213ms)
✔ caller source abort and owner drift reject late hooks; async owner checks are invalid (1.8607ms)
✔ invalid resource bounds cannot create unbounded acquisition or polls (0.7786ms)
✔ malformed equal-looking pin or descriptor does not establish identity (0.7176ms)
✔ shell cache normalizes versioned asset URLs but excludes version checks and sibling routes (59.1544ms)
✔ offline first launch resolves canonical preinstalled assets (17.6304ms)
✔ cache quota errors do not discard valid network bytes (6.6414ms)
✔ temporary server failures use the owned cached shell instead of an error document (6.5093ms)
✔ public deployment allowlist excludes internal memory, workflows and test fixtures (5.4518ms)
✔ candidate deployment runs committed-asset materialization before publication (0.9957ms)
✔ committed public bytes replace CRLF/prebuild bytes while unrelated nonpublic preparations stay outside output (15.3318ms)
✔ dirty/untracked public, governing scripts and worker source/config reject before any write (13.9027ms)
✔ an allowlisted asset missing from captured HEAD rejects even when ignored by Git status (3.5342ms)
✔ a public change hidden by Git status still fails normalized blob provenance (3.9026ms)
✔ extra/missing artifact files and unexpected empty directories reject before any write (14.4189ms)
✔ linked output roots, directories/files, hardlinks and linked publication source are refused (18.92ms)
✔ a changed HEAD after fixed blobs were read prevents the first output write (4.2556ms)
✔ an output path replaced between inspection and open is refused before truncation (3.9144ms)
✔ HEAD/public changes or output contamination during writing prevent successful release completion (13.6453ms)
✔ release version is synchronized across runtime, shell, HTML, and metadata (10.8171ms)
✔ authentication setup feedback is a polite atomic live region (1.3393ms)
✔ first paint cannot restart OAuth while the existing session is still being recovered (1.3763ms)
✔ every bound element ID exists once in index.html (6.95ms)
✔ manifest icons and service-worker shell assets exist (4.3757ms)
✔ brand surfaces use the canonical rounded navy icon with the restored blue dot (14.3735ms)
✔ resource keys remain raw in the service-worker header (1.2398ms)
✔ privacy documentation and shell use the same-origin memory-only credential contract (9.4341ms)
✔ Q1 public bundles match their exact source manifest and offline shell (21.6933ms)
✔ tail-index MP4 QA seed is small, immutable and keeps moov behind mdat (1.8126ms)
✔ faststart MP4 QA seed is small, immutable and keeps moov ahead of mdat (4.0693ms)
✔ seek-range MP4 QA seed is bounded, immutable and keeps moov ahead of mdat (13.9654ms)
✔ candidate runtime config is loaded before app code and fails closed for Drive writes (5.2497ms)
✔ player controls, in-app preview, and selection toolbar remain bound in the shell (8.2696ms)
✔ account-synced favorites and viewed history are wired into the existing library and player surfaces (8.9417ms)
✔ mobile overflow actions stack above the trigger and favorite feedback is visually icon-only (8.0356ms)
✔ video adaptively chooses exact-original transport and exhausts original paths before compatibility playback (9.4648ms)
✔ playback quality starts unverified and documents only evidence-backed original labels (6.8317ms)
✔ player chrome hides as one mobile layer and high-frequency motion stays transform based (6.6186ms)
✔ mobile shell preserves zoom and high-contrast metadata labels (1.7033ms)
✔ 401 refresh retries once with identical Range/resource key and fresh authorization (94.5869ms)
✔ Q1 401 replay requires its current media lease even when SET_TOKEN already advanced the account cache (14.5761ms)
✔ Q1 media cannot substitute a cached token for a missing affirmative owner response (4.5862ms)
✔ an old page affirmative Q1 token reply without retirement capability cannot start upstream transport (5.5037ms)
✔ Q1 rejected-body cleanup failures terminate without refresh and fence later reads even if the old response is abandoned (46.1587ms)
✔ concurrent Q1 cleanup success cannot erase another pending or failed cleanup for the same client (8.4123ms)
✔ successful Q1 rejected-body cleanup releases its fence and preserves one fresh same-Range replay (8.0073ms)
✔ Q1 retirement observes full EOF or actual cancellation, closes its ports and fences late old generations (13.575ms)
✔ Q1 retirement cancels an owner/token await without cancelling any shared page credential operation (6.3592ms)
✔ Q1 query-only retirement terminates an outstanding downstream read before acknowledging cancellation (9.2083ms)
✔ Q1 retirement tracks before headers and a late ignored-abort callback cannot turn bounded failure into success (7.0761ms)
✔ Q1 retirement is client and generation scoped and cannot cancel newer media (5.5029ms)
✔ Q1 retirement cannot acknowledge failed body cancellation or its later resolution (5.7516ms)
✔ acknowledgeAbuse reaches Drive only after explicit opt-in and survives an auth replay (3.5797ms)
✔ credentials and CLEAR_TOKEN are scoped to the source client (4.7533ms)
✔ stale and conflicting credential revisions cannot replace the newest client credential (2.0047ms)
✔ old account-generation SET and CLEAR messages are ignored (2.1319ms)
✔ worker restart resolves only the requesting client and requires the correlated response (1.9899ms)
✔ missing client identity fails closed without borrowing another client token (1.6366ms)
✔ media fixtures carry account generation and reject malformed source generations (14.0185ms)
✔ unsafe or malformed media ranges are rejected before credential and Drive access (14.7879ms)
✔ media requests without Range remain valid and never synthesize an upstream Range header (2.9267ms)
✔ 2 GiB and 4 GiB byte boundaries preserve exact Range arithmetic with tiny bodies (28.6107ms)
✔ large hidden full-span HEAD ranges are proven without allocating their bodies (15.84ms)
✔ a hidden 4 GiB GET streams a tiny prefix and classifies truncated EOF without whole-file allocation (4.5032ms)
✔ a 4 GiB EOF request preserves one structured 416 without a success status (4.1394ms)
✔ a Range request answered with 200 is reported as original sequential playback without synthetic range support (5.2336ms)
✔ a CORS-hidden Content-Range is reconstructed from known size and matching Content-Length (3.7094ms)
✔ hidden Content-Range reconstruction supports open-ended and suffix ranges (5.0692ms)
✔ hidden range reconstruction handles file edges and rejects unsafe numeric evidence (2.4463ms)
✔ a hidden valid 206 HEAD range is reconstructed without adding a body (3.889ms)
✔ a visible mismatched or unprovable hidden Content-Range on 206 fails closed (18.9443ms)
✔ open-ended and suffix byte ranges accept valid contained 206 responses (7.3906ms)
✔ 416 preserves the unsatisfied size and reports structured range metadata (3.8551ms)
✔ error status, JSON MIME and reasons survive and notify only the requesting window (16.5928ms)
✔ failed refresh does not retry the rejected token (5.0098ms)
✔ a rejected token is replayed once when the same token arrives at a higher revision (2.7032ms)
✔ 403 rate limits are classified separately and preserve Retry-After timing (3.333ms)
✔ aborting a media request aborts upstream and emits no false server/auth failure (2.2651ms)
✔ upstream headers timeout is finite and distinct from caller cancellation (9.5608ms)
✔ first-byte timeout starts on downstream demand and reports one classified failure (3.366ms)
✔ first-byte stream failure waits for the classified client notification lifetime (2.5878ms)
✔ first-byte timeout atomically wins over later bytes, caller abort and consumer cancel (7.3291ms)
✔ first-byte protection remains active when diagnostic tracing is off (2.8474ms)
✔ a positive first chunk clears the first-byte deadline without aborting upstream (3.8227ms)
✔ body no-progress timeout exists only while downstream is waiting after the first byte (3.268ms)
✔ positive body chunks clear and renew the no-progress deadline while empty chunks do not (3.3889ms)
✔ body no-progress timeout atomically wins over later bytes, caller abort and consumer cancel (8.0018ms)
✔ body no-progress failure waits for the classified client notification lifetime (3.0443ms)
✔ body no-progress protection remains active when diagnostic tracing is off (4.6183ms)
✔ body terminal outcomes beat a captured stale no-progress callback (13.6123ms)
✔ an empty chunk is not a first byte and cannot disarm the deadline (2.5981ms)
✔ consumer cancellation before the first byte clears the deadline without a proxy failure (2.8378ms)
✔ truncated 206 EOF is a body-length error, never a first-byte timeout (2.448ms)
✔ an oversized 206 chunk is rejected before any byte reaches the consumer (3.0078ms)
✔ non-OK response bodies release caller abort linkage after EOF and bodyless HEAD (3.5981ms)
✔ non-OK body finalizer releases exactly once on consumer cancel and upstream error (2.4838ms)
✔ caller cancellation remains linked to the upstream body after headers arrive (2.965ms)
✔ abort while waiting for a token closes the request without an auth notification (2.0295ms)
✔ CLEAR_TOKEN cancels pending token replies so a late callback cannot restore credentials (2.2349ms)
✔ a late CLEAR_TOKEN cannot erase a newer credential revision (2.5015ms)
✔ HEAD remains bodyless and network failures are not exposed or cached (4.0781ms)
✔ opt-in media trace correlates credential, headers, first byte and body completion without secrets (4.5953ms)
✔ opt-in media trace distinguishes a missing credential from a rejected upstream credential (5.8541ms)
✔ opt-in media trace records cancellation without converting it into an HTTP failure (2.5039ms)
✔ opt-in response-body cancellation propagates upstream after headers and first byte (4.4656ms)
ℹ tests 452
ℹ suites 0
ℹ pass 452
ℹ fail 0
ℹ cancelled 0
ℹ skipped 0
ℹ todo 0
ℹ duration_ms 2662.3668
