✖ WebP cards freeze thumbnails without widening GIF semantics or changing native still-image cards (37.3052ms)
ℹ tests 1
ℹ suites 0
ℹ pass 0
ℹ fail 1
ℹ cancelled 0
ℹ skipped 0
ℹ todo 0
ℹ duration_ms 121.8923

✖ failing tests:

test at tests\app.test.js:4263:1
✖ WebP cards freeze thumbnails without widening GIF semantics or changing native still-image cards (37.3052ms)
  AssertionError [ERR_ASSERTION]: webp-mime static thumbnail choice
  
  0 !== 1
  
      at TestContext.<anonymous> (C:\extensions\Drive-Original\source\tests\app.test.js:4278:12)
      at Test.runInAsyncScope (node:async_hooks:227:14)
      at Test.run (node:internal/test_runner/test:1325:25)
      at Test.start (node:internal/test_runner/test:1191:17)
      at startSubtestAfterBootstrap (node:internal/test_runner/harness:385:17) {
    generatedMessage: false,
    code: 'ERR_ASSERTION',
    actual: 0,
    expected: 1,
    operator: 'strictEqual',
    diff: 'simple'
  }
