node:fs:561
  return binding.open(
                 ^

Error: ENOENT: no such file or directory, open 'C:\extensions\Drive-Original\source\manifest.json'
    at Object.openSync (node:fs:561:18)
    at Object.readFileSync (node:fs:445:35)
    at C:\extensions\Drive-Original\source\qa\rc18-webp-card\qualification.cjs:6:60
    at Array.map (<anonymous>)
    at hashes (C:\extensions\Drive-Original\source\qa\rc18-webp-card\qualification.cjs:6:43)
    at Object.<anonymous> (C:\extensions\Drive-Original\source\qa\rc18-webp-card\qualification.cjs:7:215)
    at Module._compile (node:internal/modules/cjs/loader:1871:14)
    at Object..js (node:internal/modules/cjs/loader:2002:10)
    at Module.load (node:internal/modules/cjs/loader:1594:32)
    at Module._load (node:internal/modules/cjs/loader:1396:12) {
  errno: -4058,
  code: 'ENOENT',
  syscall: 'open',
  path: 'C:\\extensions\\Drive-Original\\source\\manifest.json'
}

Node.js v24.18.0
