{
  "alpha.png": {
    "sha256": "94910737562283c82b3e555b872fbdb7159e4402ac6573ed4ef5cf5f300a1f81",
    "bytes": 197,
    "format": "PNG",
    "size": [
      96,
      64
    ],
    "frames": 1,
    "duration": null,
    "loop": null,
    "mode": "RGBA"
  },
  "raster.bmp": {
    "sha256": "bea1b5a0e54fb14f9f89b233a2bed414fd5b38248ccdb5543d4dc98c37a03bc9",
    "bytes": 18486,
    "format": "BMP",
    "size": [
      96,
      64
    ],
    "frames": 1,
    "duration": null,
    "loop": null,
    "mode": "RGB"
  },
  "animated.webp": {
    "sha256": "555148731e8ef1c3e10ec875c371931988e99ed5c841b177eb50c6313b5e11fe",
    "bytes": 184,
    "format": "WEBP",
    "size": [
      96,
      64
    ],
    "frames": 2,
    "duration": null,
    "loop": 0,
    "mode": "RGBA"
  },
  "animated.gif": {
    "sha256": "006c145e26241b8d36cc40285406e60e4ccd8c04e5ecd9cd9c657e334b61f044",
    "bytes": 547,
    "format": "GIF",
    "size": [
      96,
      64
    ],
    "frames": 2,
    "duration": 250,
    "loop": 0,
    "mode": "P"
  },
  "large.png": {
    "sha256": "bbaad5c00cf17e2f3d64f765daa7b939281568e2e255171dd436fb0437232d50",
    "bytes": 29512,
    "format": "PNG",
    "size": [
      4096,
      2048
    ],
    "frames": 1,
    "duration": null,
    "loop": null,
    "mode": "RGB"
  }
}
