✔ two continuously visible clients receive independent concurrent edits without refocus or reload (141.3249ms)
✔ edge completion already queued before cancellation cannot navigate afterward (4.2314ms)
✔ edge animation promise and deadline can commit at most once (2.9491ms)
✔ foreground polling stops for hidden, offline, expired, demo and unverified sessions (16.6002ms)
✔ rearming and token clearing invalidate queued refresh callbacks without a request (10.2552ms)
✔ refresh waits behind a pending write and cannot cross an account generation (6.8628ms)
✔ server Retry-After survives immediate resume and permanent permission errors stop polling (6.2819ms)
✔ Drive 403 rate-limit errors back off rather than blocking future refresh (3.6494ms)
✔ verified same-account session credential renewal restarts polling for an already-loaded account (5.5933ms)
✔ remote favorite membership invalidates back snapshots and refreshes the visible projection without reset (5.6638ms)
✔ an old fulfilled edge animation cannot clear or complete a replacement transition (3.5339ms)
✔ separate state gate permits canonical own PATCH and CREATE while generic, fake marker and foreign PATCH never transmit a mutation (155.2344ms)
✔ lost CREATE response, delayed catalog and reload reuse one durable ID; 409 confirms rather than duplicates (16.5781ms)
✔ invalid cache, quota persistence failure, unsafe raw schema/catalog and missing writer body block writes and preserve local data (42.6336ms)
✔ PATCH404 requires fresh catalog absence before CREATE and refuses a still-visible or replaced own writer (18.1869ms)
✔ readback checks fixed submitted payload while a concurrent local edit remains pending for follow-up (16.5848ms)
✔ reservation must be valid, account-owned and durably reread before any POST (36.9451ms)
✔ native write failures never retry within driveFetch; wrong owner or incomplete body readback never marks sync success (49.5606ms)
✔ unconfirmed tombstones cannot report sync success even when upload HTTP succeeds (9.646ms)
✔ account switch and request abort during catalog cannot dispatch a state write or install old state (9.2086ms)
✔ fresh origin reconstructs complete writer union, unlike tie and maximum viewed; normal two-writer writes converge (38.1013ms)
✔ AUTH-05 appData-only token retains scoped state writes under the ordinary Drive write lock (9.8052ms)
✔ candidate runtime blocks Drive mutations before fetch until the state gate opens (106.8624ms)
✔ candidate prerelease versions remain valid and compare in SemVer order (16.9264ms)
✔ update checks keep newest feedback and release manual loading across out-of-order success and errors (63.2583ms)
✔ update deadline releases current manual loading for hanging fetch, body, and worker without losing a valid update (34.3129ms)
✔ a stale update deadline cannot clear the newer automatic check manual loading (8.4707ms)
✔ real listing failure logs fixed status classification without upstream private identifiers or credentials (11.675ms)
✔ app failure records preserve auth/network/fixed codes but discard raw message stack and attached payload (7.6526ms)
✔ a new service worker reconnects only a pre-byte Range source without consuming its retry (9.7249ms)
✔ callback auth error is consumed once, preserves unrelated URL state, and ignores unknown input safely (10.7689ms)
✔ GIF detection covers MIME and case-insensitive filename fallback (15.5776ms)
✔ session credentials are strict, memory-only, and remove legacy browser artifacts (8.184ms)
✔ same-origin credential requests are single-flight and send the account fence (11.9577ms)
✔ initial session recovery keeps the reconnect action inert until the credential probe settles (7.302ms)
✔ iOS standalone starts OAuth inside the web-app context while browser surfaces keep same-window navigation (32.7561ms)
✔ a blocked standalone OAuth window fails closed and releases the connect action (9.8753ms)
✔ standalone popup and deadline failures preserve an already usable session (47.9119ms)
✔ standalone foreground recovery is single-owner, survives one early 401, and opens the library on credential proof (16.7095ms)
✔ standalone recovery requires a new HttpOnly-session marker instead of any usable token or revision change (8.7258ms)
✔ a standalone recovery timer that fires while hidden consumes no probe budget (8.6171ms)
✔ pageshow alone can resume standalone recovery and a later return gets a fresh bounded probe epoch (8.2429ms)
✔ standalone recovery expires at the OAuth transaction deadline and stale completion cannot revive it (15.4361ms)
✔ standalone deadline generation-fences a real credential response that resolves late (7.8176ms)
✔ offline and non-JSON credential failures are bounded and preserve the current memory credential (5.3109ms)
✔ concurrent credential waiters share one failed request without starting another fetch (5.4902ms)
✔ cancelling a Drive credential waiter releases it while the shared refresh serves another request (15.3085ms)
✔ foreground rechecks use wall-clock expiry and one shared refresh while hidden/offline stay idle (5.9462ms)
✔ a Q1 token reply authorizes only the same player source that survived the shared refresh (20.1716ms)
✔ a credential response parsed after its account generation changes cannot install (4.9498ms)
✔ account and revision fences reject stale credentials without replacing the current account (6.8773ms)
✔ logout and disconnect use separate server actions and clear browser session state only after success (7.9199ms)
✔ pagination exhausts tokens and rejects a repeated cursor (6.6455ms)
✔ render window is row-aligned and never exceeds the hard DOM cap (6.5937ms)
✔ move rows include roots, descendants, orphans, and cycles exactly once (5.399ms)
✔ breadcrumb items show the Drive root exactly once and remove stale duplicate entries (7.1029ms)
✔ random selection uses the complete population and avoids the current item (7.0457ms)
✔ account media state merges viewed history and honors the newest favorite toggle (9.7878ms)
✔ shorts deck exhausts unseen account media before watched candidates (5.0323ms)
✔ double-tap reserves only narrow video edges for seek and likes everywhere else (4.5779ms)
✔ mobile tap pairs toggle favorites once per pair and consume the gesture (8.4877ms)
✔ mobile library edge swipe tracks from the left edge and commits one back navigation (8.0447ms)
✔ account state upload creates a private appDataFolder JSON file (9.3138ms)
✔ account initialization merges a newer offline cache and schedules it back to Drive (9.9229ms)
✔ favorite catalog view spans folders and excludes folders and non-media records (6.0418ms)
✔ favorite resolution reuses known media and identifies only unresolved file IDs (7.5518ms)
✔ favorite view keeps cached matches and fetches missing liked files when account refresh fails (9.1158ms)
✔ library status ownership prevents a late request from reviving stale text (3.584ms)
✔ non-video media immediately hides stale video playback controls (3.5116ms)
✔ vertical shorts deck preassigns two items above and below and reverses spatially (6.0371ms)
✔ later metadata pages extend the frozen horizontal order without reshuffling it (4.2545ms)
✔ original buffer policy prefers bounded OPFS and denies unsafe memory downloads (4.2567ms)
✔ QA-TR-11 local storage limits stay explicit and never auto-select compatibility (8.6105ms)
✔ QA-TR-11 a native memory Blob allocation failure stays storage-limited (9.4849ms)
✔ QA-TR-11 mid-write OPFS quota cleans its lease and ends as storage-limited (9.8342ms)
✔ QA-TR-11 a superseded buffer failure cannot replace the newer source (7.7981ms)
✔ QA-TR-11 a superseded storage-policy result cannot replace the newer source (6.2117ms)
✔ known-clean initial Q0 assigns its source synchronously without storage policy or full download (4.3755ms)
✔ an exhausted temporary-disk route is not selected again after Range fallback (4.0744ms)
✔ shorts playback order ignores search and media filter subsets (5.2283ms)
✔ move capability checks distinguish shared-drive exits from My Drive entries (4.1694ms)
✔ resource-key headers keep raw keys and include each referenced item once (3.5446ms)
✔ G-drive-scale render mounts at most 240 cards and uses static GIF canvases instead of animated images (22.1893ms)
✔ GIF thumbnail loader draws one static cover frame and then releases the detached image (32.815ms)
✔ GIF thumbnail backing pixels exist only near the viewport and are released after exit (30.8287ms)
✔ GIF draw failures immediately release the expanded canvas backing store (30.27ms)
✔ swipe commits require a dominant deliberate movement or a qualifying flick (3.8548ms)
✔ an axis-locked swipe commits from signed distance and velocity without a second dominance test (4.1148ms)
✔ frozen swipe navigation commits the previewed file ID even if the surrounding order changes (4.6203ms)
✔ video transition keeps the neighbour poster until a frame is actually presented (4.4782ms)
✔ opt-in media trace is redacted, session-correlated and added to media URLs only while active (4.3528ms)
✔ a superseded playback keeps its cancellation trace without mutating the newer file session (5.0033ms)
✔ a superseded direct full-original request reports late bytes and cancellation to its retired trace (4.5249ms)
✔ media trace does not call metadata a decoded frame and waits for frame presentation (4.476ms)
✔ media element errors remain provisional until the worker classification window closes (4.7075ms)
✔ frame watchdog starts only after positive media bytes and keeps one recovery owner (4.6938ms)
✔ actual frame time progress renews one watchdog lease while duplicate frames do not (4.8101ms)
✔ timeupdate is a monotonic fallback only when frame callbacks are unavailable and no seek is active (3.6491ms)
✔ seek completion requires seeked plus a decoded frame at each requested target (6.7117ms)
✔ a delayed owned decoded frame completes a playing seek at its advancing playhead (5.6387ms)
✔ delayed seek presentation rejects stale, unrelated, implausible and paint-only frames (4.4025ms)
✔ delayed seek timeline accounts for rate changes, paused time and hidden playback separately (8.4287ms)
✔ advancing currentTime without an owned decoded frame still reaches seek recovery once (3.8359ms)
✔ seek completion times out once at 15 seconds and delegates to existing Range recovery (4.2965ms)
✔ a classified worker failure beats a captured seek timer and remains the sole recovery owner (4.7677ms)
✔ a newer seek fences stale seeked events, frame callbacks, and timers (4.6464ms)
✔ seek clock spends only active foreground time across pause, hidden, offline, and pointer drag (15.679ms)
✔ source replacement, session replacement, and source clearing make old seek work inert (12.105ms)
✔ timeupdate remains fallback evidence and never replaces a decoded seek frame (12.1612ms)
✔ frame watchdog suspends for inactive playback and rejects stale timers and frame callbacks (5.4688ms)
✔ buffered-original frame timeout stops locally and leaves compatibility as a user choice (4.7105ms)
✔ task pool caps concurrency and returns aligned all-settled results (40.3669ms)
✔ Drive view, preview, and media URLs preserve required context (8.4381ms)
✔ original-first recovery router never downgrades transient failures before retry and buffer recovery (4.0282ms)
✔ proxy classification preserves structured range and Drive failure causes (4.7929ms)
✔ stream timeouts have one app retry owner and block a competing media fallback (4.9227ms)
✔ quality labels remain neutral until original byte delivery is verified (3.3997ms)
✔ abuse acknowledgement is opt-in and scoped to the selected file (4.5075ms)
✔ video playback failures distinguish retryable network errors from codec failures (6.6694ms)
✔ full-original recovery retries complete transfer at most three times and rejects partial bodies (5.0685ms)
✔ full-original permission failure refreshes once in-app before requiring reconnection (4.4762ms)
✔ folder strip rendering obeys its hard cap (6.2307ms)
✔ bulk move eligibility skips current items but blocks any non-current permission failure (3.3921ms)
✔ bulk action target text is stable for empty, single, and multi-file selections (10.2183ms)
✔ clearing a pending session credential request aborts it and permits a new generation (5.1275ms)
✔ Q1 retirement hides no pending cleanup and carries failure across later owners (3.8188ms)
✔ Q1 worker retirement requires a matching live controller reply and closes every port/listener (31.0712ms)
✔ native-only initial startup assigns its source synchronously before immediate play (3.3448ms)
✔ a native sniff fallback retirement reply cannot mutate a later file, session, account or source (62.5867ms)
✔ native unsupported container keeps requested play intent but gesture denial clears it (4.4524ms)
✔ native restore callback cannot reposition a later Q1 source in the same session (3.6503ms)
✔ early TS eligibility is a bounded hint and preserves native capability and unknown-size paths (3.5347ms)
✔ early TS route chooses Q1 or Q0 only after the owned probe result (8.491ms)
✔ initial native replacement waits for Q1 retirement and rejects failed or stale cleanup (12.454ms)
✔ a stale early probe cannot assign native after an account change (3.7591ms)
✔ same-session initial calls have one route owner and cannot bypass an active probe cleanup (3.7366ms)
✔ AUTH-05 missing appData preserves playback and local pending state while allowing Drive reads (5.4516ms)
✔ AUTH-05 appData-only grants can read state but cannot read ordinary files or authorize old credentials (5.5886ms)
✔ AUTH-05 ordinary media worker receives no token without Drive read capability (3.7108ms)
✔ favorites bulk actions resolve the favorites population, never the underlying folder (115.2508ms)
✔ empty selection cannot fall through to a previously opened player file (3.2674ms)
✔ completed favorites do not require unrelated folder pagination (4.1207ms)
✔ equal-time favorite merges are commutative and cancellation wins a concurrent tie (6.5961ms)
✔ account state rejects non-finite timestamps and preserves prototype-like IDs as data (3.5433ms)
✔ forward shorts neighbor receives the last unseen item before watched media (3.7638ms)
✔ Retry-After preserves server cooldown instead of retrying early (5.7114ms)
✔ retry waits remove their abort listener after normal completion (5.4959ms)
✔ late Drive HTTP responses are rejected after the account generation changes (13.7673ms)
✔ late Drive JSON bodies cannot commit into a new account generation (3.8498ms)
✔ seekbar keyboard handling is consumed before global shortcuts (4.6769ms)
✔ browser modifier shortcuts and native button activation are not hijacked by the player (2.8103ms)
✔ paginated collectors discard a final page completed after cancellation (3.3595ms)
✔ old temporary file cleanup cannot delete a newer session or source generation (3.2135ms)
✔ cache reset leaves sibling application caches and workers intact (3.5459ms)
✔ simultaneous device writes preserve both edits without overwriting the legacy file (30.9402ms)
✔ stale account initialization cannot repopulate an invalidated Drive session (4.3921ms)
✔ deleted writer file is recreated without patching another device file (8.1764ms)
✔ sort and filter caches reuse stable populations and invalidate replacement and growth (4.6562ms)
✔ selection cancelled while full pagination is pending remains cancelled (6.1643ms)
✔ a delayed tap cannot control the next media session (5.2473ms)
✔ unusable seek durations and secondary pointers never start a seek gesture (3.3791ms)
✔ finite deadlines reject stalled initialization and preserve successful results (33.2895ms)
✔ a background credential from a different account cannot replace the current token (3.6224ms)
✔ edge back uses projected release velocity but respects deliberate reversal (3.562ms)
✔ owned view history records one synchronous entry per navigation with account isolation (6.5701ms)
✔ Safari and standalone WebKit reserve the native edge when app history is owned (5.2763ms)
✔ navigation snapshots are invalidated after mutations instead of reviving removed files (2.8408ms)
✔ a browser-owned noncancelable or multi-touch edge never commits custom navigation (7.3067ms)
✔ unsatisfied error ranges do not mask other structured failure causes (5.4727ms)
✔ forward deck promotes remaining unseen neighbors without changing reverse history (4.3357ms)
✔ old controller cannot authorize native bytes; replacement needs exact correlated capability (47.3763ms)
✔ capability cannot resume stale owner: state.authAccountKey='b' (16.5851ms)
✔ capability cannot resume stale owner: state.driveSessionGeneration++ (9.3131ms)
✔ capability cannot resume stale owner: state.mediaSession++ (10.5106ms)
✔ capability cannot resume stale owner: mediaSourceGeneration++ (15.8107ms)
✔ capability cannot resume stale owner: q0ControlWait.controller.abort() (8.2336ms)
✔ capability timeout stays client-update failure without native or retry (9.3685ms)
✔ general source clock drives movie time, seek, and original endpoint independent of MSE tail (12.5348ms)
✔ general route admission: observed code4 with verified original and retained pin (21.8336ms)
✔ general route admission: offline (11.8701ms)
✔ general route admission: classified provider error (8.4285ms)
✔ general route admission: network media code (8.0601ms)
✔ general route admission: unverified transport (11.6787ms)
✔ general route admission: missing retained pin (9.3552ms)
✔ general route admission: waiting for SW capability (7.2526ms)
✔ Q0 retirement joins stale audio probe and keeps unsettled source sticky: mediaSourceGeneration++ (19.3208ms)
✔ Q0 retirement joins stale audio probe and keeps unsettled source sticky: state.authAccountKey='b' (16.2575ms)
✔ Q0 retirement joins stale audio probe and keeps unsettled source sticky: state.driveSessionGeneration++ (17.1034ms)
✔ Q0 retirement joins stale audio probe and keeps unsettled source sticky: navigator.serviceWorker.controller={} (15.77ms)
✔ Q0 retirement joins a settled skipped non-ISO probe without a false sticky failure (12.7095ms)
✔ current ISO audio probe cleanup failure marks its owner before retirement (12.82ms)
✔ rejected stale probe abort fails retirement without an unhandled setup rejection (12.6453ms)
✔ current non-ISO probe keeps exact abort outcome: true (13.3523ms)
✔ current non-ISO probe keeps exact abort outcome: false (16.451ms)
✔ settled optional Q2 budget preserves native Q0: GENERAL_EXPANDED_INDEX_LIMIT (12.1674ms)
✔ settled optional Q2 budget preserves native Q0: GENERAL_TABLE_ENTRIES_LIMIT (11.0744ms)
✔ settled optional Q2 budget preserves native Q0: GENERAL_BOX_COUNT (9.1952ms)
✔ settled optional Q2 budget preserves native Q0: GENERAL_DISCOVERY_LIMIT (10.2444ms)
✔ settled optional Q2 budget preserves native Q0: GENERAL_PACKET_LIMIT (10.826ms)
✔ settled optional Q2 budget preserves native Q0: GENERAL_METADATA_LIMIT (12.5905ms)
✔ settled optional Q2 budget preserves native Q0: GENERAL_INPUT_SPAN_LIMIT (10.9523ms)
✔ settled probe transport/content/malformed failures still stop Q0: GENERAL_BOX_BOUNDS (7.6253ms)
✔ settled probe transport/content/malformed failures still stop Q0: GENERAL_BOX_HEADER (9.7795ms)
✔ settled probe transport/content/malformed failures still stop Q0: GENERAL_TABLE_BOUNDS (11.989ms)
✔ settled probe transport/content/malformed failures still stop Q0: GENERAL_READ_BODY (13.79ms)
✔ settled probe transport/content/malformed failures still stop Q0: GENERAL_READ_TIMEOUT (9.1265ms)
✔ settled probe transport/content/malformed failures still stop Q0: GENERAL_READ_QUEUE_LIMIT (9.2911ms)
✔ settled probe transport/content/malformed failures still stop Q0: GENERAL_CANCELLED (9.6358ms)
✔ settled probe transport/content/malformed failures still stop Q0: Q1_SOURCE_CONTENT_DRIFT (13.7016ms)
✔ settled probe transport/content/malformed failures still stop Q0: Q1_SOURCE_PERMISSION (11.1164ms)
✔ settled probe transport/content/malformed failures still stop Q0: AUDIO_NATIVE_GATE_UNAVAILABLE (8.9196ms)
✔ Q2 index budget with unsettled source abort remains terminal and sticky (11.9495ms)
✔ actual audio capability cancellation joins app owner drain: AudioDecoder (68.3409ms)
✔ actual audio capability cancellation joins app owner drain: AudioEncoder (12.7837ms)
✔ iOS standalone reserves native history, with no second custom page animation (91.9549ms)
✔ paused video never forces the central play overlay into view (3.567ms)
✔ passive timer resets cannot reveal hidden chrome or pause the immersive state (3.347ms)
✔ a file permission failure does not erase account credentials (6.7377ms)
✔ same-account session credential renewal preserves listing and session generations (4.929ms)
✔ card long press supports pointer mouse and cancels a second contact (6.4692ms)
✔ bottom activation follows the native entry rectangle, independent of media pause (7.9208ms)
✔ edge-owned touch cannot become a video-swipe even without a back destination (8.4691ms)
✔ secondary 401 handlers cannot clear a newer token or a different account (5.657ms)
✔ account-mismatched session credential preserves the current account instead of replacing it (4.0137ms)
✔ Drive API 403 preserves the token and carries no bearer credentials in its error (10.6744ms)
✔ an older player-close deadline cannot unlock a newer back operation (3.3021ms)
✔ a late 401 uses the newer revision even when token text is identical (6.1564ms)
✔ trash response parse failure never substitutes for an independent GET (114.9418ms)
✔ move uses actual remote parents instead of synthesizing a missing response field (17.2635ms)
✔ trash: applied before lost response confirms by GET without replay (12.3459ms)
✔ move: applied before lost response confirms by GET without replay (10.1809ms)
✔ lost before apply stays uncertain through repeat/reload; recovery only reads (27.5844ms)
✔ deny: rejection plus unchanged GET is failed, never transparent PATCH retry (10.8232ms)
✔ rate: rejection plus unchanged GET is failed, never transparent PATCH retry (9.0487ms)
✔ operation ID is payload-bound; repeated confirmed operation never replays even after external restore (15.015ms)
✔ account switch after submission preserves origin uncertainty and never reads it with new account (12.102ms)
✔ storage failure before submit and unsupported locking prevent all PATCHes (19.1436ms)
✔ persistence failure after remote confirmation retains recoverable submitted evidence (11.6617ms)
✔ stale snapshot, denied capabilities and unverified metadata stop before PATCH (45.6244ms)
✔ cross-tab account lock prevents two stale intents from submitting the same file (15.6326ms)
✔ shortcut mutation stays on selected ID, and move removes verified parents only (11.1949ms)
✔ root destination alias accepts omitted parents but uses the returned canonical ID (9.9232ms)
✔ mixed bulk failure summary counts uncertainty separately from rejection and conflict (24.1106ms)
✔ only an explicit new UI retry may resend after fresh unchanged-version readback (13.8137ms)
✔ explicit retry cannot overwrite an external edit or retry an unknown version (18.9843ms)
✔ no arbitrary 2000-operation cap; completed records retain their identity and proof (83.408ms)
✔ repeated 404 or unreadable readback stays uncertain without null/stale observation retry (18.3935ms)
✔ batch preserves earlier confirmed origin items when a later submission changes account (9.4196ms)
✔ an async UI refresh cannot change the already captured mutation intent (6.7148ms)
✔ same-session source replacement schedules a new presentation while stale frames cannot clear its loader (3.5258ms)
✔ normal account sync is silent; local storage and sync errors remain truthful (94.846ms)
✔ video viewed requires presentation progress, not an open, paused frame or seek (10.59ms)
✔ hidden, failed, stale-session and account-switched videos cannot write viewed state (50.8473ms)
✔ source and seek generations cannot combine presentation observations (13.5978ms)
✔ image viewed waits for decode and paint, and rejects stale decode completion (18.1984ms)
✔ broken or replaced images and rejected decoding never become viewed (36.663ms)
✔ automatic original retry rebinds viewed ownership without double-recording (17.4604ms)
✔ foreground return resumes a background-loaded image with fresh paint evidence (7.5742ms)
✔ actual page/SW first snapshot is private, overrides listing, and subsequent ranges remain revision A (151.7359ms)
✔ restarted worker rebinds page-retained A without provider acquisition (35.9854ms)
✔ 401 refresh authorizes same URI and source snapshot (21.1393ms)
✔ drift fails before any original bytes without latest fallback (16.4829ms)
✔ headless fails before any original bytes without latest fallback (10.6467ms)
✔ nonpartial fails before any original bytes without latest fallback (8.9185ms)
✔ unsafeURI fails before any original bytes without latest fallback (12.8061ms)
✔ wrong Q0 token tuple never authorizes provider traffic (8.8648ms)
✔ malformed private owner reply fileId cannot start provider acquisition (11.624ms)
✔ malformed private owner reply clientId cannot start provider acquisition (10.6615ms)
✔ malformed private owner reply sourceGeneration cannot start provider acquisition (5.881ms)
✔ malformed private owner reply accountGeneration cannot start provider acquisition (6.7456ms)
✔ malformed private owner reply accountKey cannot start provider acquisition (5.0707ms)
✔ malformed private owner reply mediaSession cannot start provider acquisition (5.6953ms)
✔ private owner resource key with a control character is rejected before fetch (5.5753ms)
✔ native first abort detaches from shared acquisition and the next range receives its exact pin (31.6917ms)
✔ source retirement joins cooperative pending metadata and forbids late page binding (7.1065ms)
✔ noncooperative metadata cleanup remains sticky and blocks successor generation (57.8472ms)
✔ pending operation polls entire opaque name exactly once; initial done does not GET (32.7499ms)
✔ a changed page owner (state.authAccountKey='other') rejects late pin admission (9.2839ms)
✔ a changed page owner (state.driveSessionGeneration=2) rejects late pin admission (12.035ms)
✔ a changed page owner (state.mediaSession=8) rejects late pin admission (9.1442ms)
✔ a changed page owner (mediaSourceGeneration=13) rejects late pin admission (13.3089ms)
✔ retirement cancels a pending JSON reader and waits for its real cancellation barrier (13.8413ms)
✔ pinned body no-progress timeout cancels actual reader and status events omit private descriptor and URI (63.1121ms)
✔ failed JSON-reader cancellation is sticky even after its read promise settles (4.7424ms)
✔ actual application source-pin classification terminates without native rebuild or original-buffer fallback (3.6904ms)
✔ revision HTTP 403 becomes terminal source-pin and never resamples latest (11.1069ms)
✔ revision HTTP 404 becomes terminal source-pin and never resamples latest (10.6821ms)
✔ revision HTTP 410 becomes terminal source-pin and never resamples latest (9.6018ms)
✔ full-original recovery uses retained revision URI and direct read authorization after latest changes (11.972ms)
✔ full-original recovery without a pin fails explicitly while ordinary thumbnail reads retain their existing route (4.8315ms)
✔ retained full-original resource-key header comes from the private descriptor rather than stale listing (11.8489ms)
✔ absent retained resource key removes stale listing key from SW ranges and direct full-original recovery (11.0202ms)
✔ cold first controller claim waits for correlated capability, coalesces, then begins Q0 (8.5161ms)
✔ cold control deadline fails after bounded 12s without native assignment or compatibility fallback (6.5929ms)
✔ cold control callback cannot resume after clearDirectMediaSources() (3.4857ms)
✔ cold control callback cannot resume after state.authAccountKey='other' (2.3803ms)
✔ cold control callback cannot resume after state.driveSessionGeneration=2 (2.1358ms)
✔ cold control callback cannot resume after state.mediaSession=8 (2.1848ms)
✔ cold control callback cannot resume after mediaSourceGeneration=13 (2.32ms)
✔ classic IIFE and CommonJS expose the same bounded helper surface (6.536ms)
✔ first acquisition brackets empty revision POST with metadata; initialdone never polls (10.6348ms)
✔ retained A pin returns identical object without sampling latest B or new operation (3.4011ms)
✔ descriptor equality is canonical across property order but preserves first-checksum absence (1.8112ms)
✔ all first-identity and permission changes reject before candidate is returned (8.1355ms)
✔ absent revision, document export, denied permission and malformed checksums are classified (1.5186ms)
✔ private provider URI rejects other origin, path, revision, credentials, fragments and duplicate alt (2.909ms)
✔ nonpartial and invalid completed response cannot become unchecked media (1.408ms)
✔ pending operations use fixed10s spacing, exact opaque name and at most3 polls (2.096ms)
✔ changed operation name/resource key, invaliddone, error and responsewhilepending reject (2.4567ms)
✔ independent wall deadline aborts a held hook without claiming it drained (19.099ms)
✔ deadline includes pending pause and does not start a late poll (12.581ms)
✔ caller source abort and owner drift reject late hooks; async owner checks are invalid (1.9131ms)
✔ invalid resource bounds cannot create unbounded acquisition or polls (0.7619ms)
✔ malformed equal-looking pin or descriptor does not establish identity (0.7411ms)
✔ shell cache normalizes versioned asset URLs but excludes version checks and sibling routes (61.6774ms)
✔ offline first launch resolves canonical preinstalled assets (17.3625ms)
✔ cache quota errors do not discard valid network bytes (8.5023ms)
✔ temporary server failures use the owned cached shell instead of an error document (4.8596ms)
✔ public deployment allowlist excludes internal memory, workflows and test fixtures (6.6745ms)
✔ corresponding-source downloads remain public but never enter the runtime cache (12.0433ms)
✔ candidate deployment runs committed-asset materialization before publication (1.7524ms)
✔ committed public bytes replace CRLF/prebuild bytes while unrelated nonpublic preparations stay outside output (13.5378ms)
✔ dirty/untracked public, governing scripts and worker source/config reject before any write (9.203ms)
✔ an allowlisted asset missing from captured HEAD rejects even when ignored by Git status (5.5508ms)
✔ a public change hidden by Git status still fails normalized blob provenance (3.3964ms)
✔ extra/missing artifact files and unexpected empty directories reject before any write (18.0215ms)
✔ linked output roots, directories/files, hardlinks and linked publication source are refused (18.9777ms)
✔ a changed HEAD after fixed blobs were read prevents the first output write (5.025ms)
✔ an output path replaced between inspection and open is refused before truncation (4.5997ms)
✔ HEAD/public changes or output contamination during writing prevent successful release completion (16.4214ms)
✔ release version is synchronized across runtime, shell, HTML, and metadata (9.8514ms)
✔ authentication setup feedback is a polite atomic live region (1.3051ms)
✔ first paint cannot restart OAuth while the existing session is still being recovered (1.3875ms)
✔ every bound element ID exists once in index.html (6.5913ms)
✔ manifest icons and service-worker shell assets exist (8.047ms)
✔ brand surfaces use the canonical rounded navy icon with the restored blue dot (18.1784ms)
✔ resource keys remain raw in the service-worker header (1.5834ms)
✔ privacy documentation and shell use the same-origin memory-only credential contract (12.3191ms)
✔ Q1 public bundles match their exact source manifest and offline shell (59.2788ms)
✔ tail-index MP4 QA seed is small, immutable and keeps moov behind mdat (3.0541ms)
✔ faststart MP4 QA seed is small, immutable and keeps moov ahead of mdat (1.4897ms)
✔ seek-range MP4 QA seed is bounded, immutable and keeps moov ahead of mdat (16.4059ms)
✔ candidate runtime config is loaded before app code and fails closed for Drive writes (6.8424ms)
✔ player controls, in-app preview, and selection toolbar remain bound in the shell (7.3545ms)
✔ account-synced favorites and viewed history are wired into the existing library and player surfaces (8.73ms)
✔ mobile overflow actions stack above the trigger and favorite feedback is visually icon-only (8.3449ms)
✔ video adaptively chooses exact-original transport and exhausts original paths before compatibility playback (12.4317ms)
✔ playback quality starts unverified and documents only evidence-backed original labels (7.1083ms)
✔ player chrome hides as one mobile layer and high-frequency motion stays transform based (7.574ms)
✔ mobile shell preserves zoom and high-contrast metadata labels (2.1371ms)
✔ Q0 capability authorizes only the correlated controlled in-scope window without auth/provider reads (19.0403ms)
✔ Q0 capability rejects an uncontrolled, disappeared or replaced client (11.3792ms)
✔ Q0 capability rejects cross-origin, out-of-scope, credentialed and non-window clients (14.8726ms)
✔ Q0 capability rejects invalid protocol and nonce before client lookup; bounded reply omits malformed nonce (18.2529ms)
✔ 401 refresh retries once with identical Range/resource key and fresh authorization (103.3911ms)
✔ Q1 401 replay requires its current media lease even when SET_TOKEN already advanced the account cache (17.0287ms)
✔ Q1 media cannot substitute a cached token for a missing affirmative owner response (4.9212ms)
✔ an old page affirmative Q1 token reply without retirement capability cannot start upstream transport (4.4741ms)
✔ Q1 rejected-body cleanup failures terminate without refresh and fence later reads even if the old response is abandoned (52.0995ms)
✔ concurrent Q1 cleanup success cannot erase another pending or failed cleanup for the same client (7.0172ms)
✔ successful Q1 rejected-body cleanup releases its fence and preserves one fresh same-Range replay (8.7236ms)
✔ Q1 retirement observes full EOF or actual cancellation, closes its ports and fences late old generations (9.9101ms)
✔ Q1 retirement cancels an owner/token await without cancelling any shared page credential operation (5.82ms)
✔ Q1 query-only retirement terminates an outstanding downstream read before acknowledging cancellation (7.9836ms)
✔ Q1 retirement tracks before headers and a late ignored-abort callback cannot turn bounded failure into success (6.4193ms)
✔ Q1 retirement is client and generation scoped and cannot cancel newer media (8.5447ms)
✔ Q1 retirement cannot acknowledge failed body cancellation or its later resolution (8.0015ms)
✔ acknowledgeAbuse reaches Drive only after explicit opt-in and survives an auth replay (2.6248ms)
✔ credentials and CLEAR_TOKEN are scoped to the source client (3.0275ms)
✔ stale and conflicting credential revisions cannot replace the newest client credential (2.0115ms)
✔ old account-generation SET and CLEAR messages are ignored (3.6543ms)
✔ worker restart resolves only the requesting client and requires the correlated response (2.8681ms)
✔ missing client identity fails closed without borrowing another client token (1.7914ms)
✔ media fixtures carry account generation and reject malformed source generations (15.4935ms)
✔ unsafe or malformed media ranges are rejected before credential and Drive access (19.1634ms)
✔ media requests without Range remain valid and never synthesize an upstream Range header (2.9536ms)
✔ 2 GiB and 4 GiB byte boundaries preserve exact Range arithmetic with tiny bodies (23.0739ms)
✔ large hidden full-span HEAD ranges are proven without allocating their bodies (11.4492ms)
✔ a hidden 4 GiB GET streams a tiny prefix and classifies truncated EOF without whole-file allocation (4.9117ms)
✔ a 4 GiB EOF request preserves one structured 416 without a success status (2.358ms)
✔ a Range request answered with 200 is reported as original sequential playback without synthetic range support (2.5621ms)
✔ a CORS-hidden Content-Range is reconstructed from known size and matching Content-Length (3.3416ms)
✔ hidden Content-Range reconstruction supports open-ended and suffix ranges (8.0958ms)
✔ hidden range reconstruction handles file edges and rejects unsafe numeric evidence (2.9509ms)
✔ a hidden valid 206 HEAD range is reconstructed without adding a body (3.7676ms)
✔ a visible mismatched or unprovable hidden Content-Range on 206 fails closed (24.1355ms)
✔ open-ended and suffix byte ranges accept valid contained 206 responses (10.8189ms)
✔ 416 preserves the unsatisfied size and reports structured range metadata (5.2558ms)
✔ error status, JSON MIME and reasons survive and notify only the requesting window (21.2469ms)
✔ failed refresh does not retry the rejected token (5.746ms)
✔ a rejected token is replayed once when the same token arrives at a higher revision (3.4116ms)
✔ 403 rate limits are classified separately and preserve Retry-After timing (4.3804ms)
✔ aborting a media request aborts upstream and emits no false server/auth failure (2.1338ms)
✔ upstream headers timeout is finite and distinct from caller cancellation (9.1273ms)
✔ first-byte timeout starts on downstream demand and reports one classified failure (6.3837ms)
✔ first-byte stream failure waits for the classified client notification lifetime (3.3875ms)
✔ first-byte timeout atomically wins over later bytes, caller abort and consumer cancel (7.6846ms)
✔ first-byte protection remains active when diagnostic tracing is off (4.5281ms)
✔ a positive first chunk clears the first-byte deadline without aborting upstream (5.3937ms)
✔ body no-progress timeout exists only while downstream is waiting after the first byte (5.3249ms)
✔ positive body chunks clear and renew the no-progress deadline while empty chunks do not (3.874ms)
✔ body no-progress timeout atomically wins over later bytes, caller abort and consumer cancel (9.677ms)
✔ body no-progress failure waits for the classified client notification lifetime (3.372ms)
✔ body no-progress protection remains active when diagnostic tracing is off (6.5815ms)
✔ body terminal outcomes beat a captured stale no-progress callback (17.7787ms)
✔ an empty chunk is not a first byte and cannot disarm the deadline (2.668ms)
✔ consumer cancellation before the first byte clears the deadline without a proxy failure (3.2348ms)
✔ truncated 206 EOF is a body-length error, never a first-byte timeout (2.8619ms)
✔ an oversized 206 chunk is rejected before any byte reaches the consumer (2.6797ms)
✔ non-OK response bodies release caller abort linkage after EOF and bodyless HEAD (6.9921ms)
✔ non-OK body finalizer releases exactly once on consumer cancel and upstream error (2.7534ms)
✔ caller cancellation remains linked to the upstream body after headers arrive (5.0718ms)
✔ abort while waiting for a token closes the request without an auth notification (4.7437ms)
✔ CLEAR_TOKEN cancels pending token replies so a late callback cannot restore credentials (2.5002ms)
✔ a late CLEAR_TOKEN cannot erase a newer credential revision (2.1194ms)
✔ HEAD remains bodyless and network failures are not exposed or cached (2.9625ms)
✔ opt-in media trace correlates credential, headers, first byte and body completion without secrets (2.8667ms)
✔ opt-in media trace distinguishes a missing credential from a rejected upstream credential (5.4549ms)
✔ opt-in media trace records cancellation without converting it into an HTTP failure (2.4477ms)
✔ opt-in response-body cancellation propagates upstream after headers and first byte (2.9462ms)
ℹ tests 420
ℹ suites 0
ℹ pass 420
ℹ fail 0
ℹ cancelled 0
ℹ skipped 0
ℹ todo 0
ℹ duration_ms 1458.609
