Q3_STAGE configure start
configure: 'C:/Program Files/Git/bin/bash.exe' ./configure --target-os=none --arch=x86_32 --enable-cross-compile --disable-asm --disable-x86asm --disable-inline-asm --disable-programs --disable-doc --disable-debug --disable-all --disable-everything --disable-autodetect --disable-pthreads --disable-runtime-cpudetect --disable-gpl --disable-nonfree --enable-avcodec --enable-decoder=mpeg4 --cc=emcc --host-cc=emcc --cxx=em++ --ar=emar --ranlib=emranlib --nm=C:/extensions/Drive-Original/source/qa/q3-browser-execution/../q2-audio-compatibility/build-investigation/work/emsdk-389a68bc35dcff7ebae4614e1615099dafda00d1/upstream/bin/llvm-nm.exe '--extra-cflags=-DNDEBUG -Oz -flto -msimd128' '--extra-ldflags=-Oz -flto'
install prefix            /usr/local
source path               .
C compiler                emcc
C library                 
ARCH                      c (generic)
big-endian                no
runtime cpu detection     no
debug symbols             no
strip symbols             yes
optimize for size         no
optimizations             yes
static                    yes
shared                    no
network support           no
threading support         no
safe bitstream reader     yes
texi2html enabled         no
perl enabled              yes
pod2man enabled           no
makeinfo enabled          no
makeinfo supports HTML    no
xmllint enabled           no

External libraries:
iconv

External libraries providing hardware acceleration:

Libraries:
avcodec                 avutil

Programs:

Enabled decoders:
h263                    mpeg4

Enabled encoders:

Enabled hwaccels:

Enabled parsers:
h263

Enabled demuxers:

Enabled muxers:

Enabled protocols:

Enabled filters:

Enabled bsfs:

Enabled indevs:

Enabled outdevs:

License: LGPL version 2.1 or later

WARNING: pkg-config not found, library detection may fail.
WARNING: Threading support was disabled or is not available on the target platform. This means that not only is this build not multi-threaded, but also that the libraries from this build MUST NOT be used in a multi-threaded environment.
Q3_STAGE configure exit=0
Q3_STAGE compile start jobs=1
GEN	libavcodec/libavcodec.version
GEN	libavutil/libavutil.version
CC	libavcodec/ac3_parser.o
CC	libavcodec/adts_parser.o
CC	libavcodec/allcodecs.o
CC	libavcodec/avcodec.o
CC	libavcodec/avdct.o
CC	libavcodec/bitstream.o
CC	libavcodec/bitstream_filters.o
CC	libavcodec/blockdsp.o
CC	libavcodec/bsf.o
CC	libavcodec/codec_desc.o
CC	libavcodec/codec_par.o
CC	libavcodec/d3d11va.o
CC	libavcodec/decode.o
CC	libavcodec/dirac.o
CC	libavcodec/dv_profile.o
CC	libavcodec/encode.o
CC	libavcodec/error_resilience.o
CC	libavcodec/faandct.o
CC	libavcodec/faanidct.o
CC	libavcodec/fdctdsp.o
CC	libavcodec/get_buffer.o
CC	libavcodec/h263.o
CC	libavcodec/h263_parser.o
CC	libavcodec/h263data.o
CC	libavcodec/h263dec.o
libavcodec/h263dec.c:602:1: warning: unused label 'frame_end' [-Wunused-label]
  602 | frame_end:
      | ^~~~~~~~~~
1 warning generated.
CC	libavcodec/h263dsp.o
CC	libavcodec/h264chroma.o
CC	libavcodec/hpeldsp.o
CC	libavcodec/idctdsp.o
CC	libavcodec/imgconvert.o
CC	libavcodec/ituh263dec.o
CC	libavcodec/jfdctfst.o
CC	libavcodec/jfdctint.o
CC	libavcodec/jni.o
CC	libavcodec/jrevdct.o
CC	libavcodec/lcevcdec.o
CC	libavcodec/mathtables.o
CC	libavcodec/me_cmp.o
CC	libavcodec/mediacodec.o
CC	libavcodec/mpeg12framerate.o
CC	libavcodec/mpeg4video.o
CC	libavcodec/mpeg4videodec.o
libavcodec/mpeg4videodec.c:3679:22: warning: variable 'name' is used uninitialized whenever 'if' condition is false [-Wsometimes-uninitialized]
 3679 |             else if (startcode <= 0x1FF)
      |                      ^~~~~~~~~~~~~~~~~~
libavcodec/mpeg4videodec.c:3682:31: note: uninitialized use occurs here
 3682 |                    startcode, name, get_bits_count(gb));
      |                               ^~~~
libavcodec/mpeg4videodec.c:3679:18: note: remove the 'if' if its condition is always true
 3679 |             else if (startcode <= 0x1FF)
      |                  ^~~~~~~~~~~~~~~~~~~~~~~
 3680 |                 name = "System start";
libavcodec/mpeg4videodec.c:3626:29: note: initialize the variable 'name' to silence this warning
 3626 |             const char *name;
      |                             ^
      |                              = NULL
1 warning generated.
CC	libavcodec/mpeg4videodsp.o
CC	libavcodec/mpeg_er.o
CC	libavcodec/mpegpicture.o
CC	libavcodec/mpegutils.o
CC	libavcodec/mpegvideo.o
CC	libavcodec/mpegvideo_dec.o
CC	libavcodec/mpegvideo_motion.o
CC	libavcodec/mpegvideo_unquantize.o
CC	libavcodec/mpegvideodata.o
CC	libavcodec/options.o
CC	libavcodec/packet.o
CC	libavcodec/parser.o
CC	libavcodec/parsers.o
CC	libavcodec/profiles.o
CC	libavcodec/qpeldsp.o
CC	libavcodec/qsv_api.o
CC	libavcodec/raw.o
CC	libavcodec/rl.o
CC	libavcodec/simple_idct.o
CC	libavcodec/threadprogress.o
CC	libavcodec/to_upper4.o
CC	libavcodec/utils.o
CC	libavcodec/version.o
CC	libavcodec/videodsp.o
CC	libavcodec/vlc.o
CC	libavcodec/vorbis_parser.o
CC	libavcodec/xiph.o
CC	libavcodec/xvididct.o
AR	libavcodec/libavcodec.a
CC	libavutil/adler32.o
CC	libavutil/aes.o
CC	libavutil/aes_ctr.o
CC	libavutil/ambient_viewing_environment.o
CC	libavutil/audio_fifo.o
CC	libavutil/avsscanf.o
CC	libavutil/avstring.o
CC	libavutil/base64.o
CC	libavutil/blowfish.o
CC	libavutil/bprint.o
CC	libavutil/buffer.o
CC	libavutil/camellia.o
CC	libavutil/cast5.o
CC	libavutil/channel_layout.o
CC	libavutil/container_fifo.o
CC	libavutil/cpu.o
CC	libavutil/crc.o
CC	libavutil/csp.o
CC	libavutil/des.o
CC	libavutil/detection_bbox.o
CC	libavutil/dict.o
CC	libavutil/display.o
CC	libavutil/dovi_meta.o
CC	libavutil/downmix_info.o
CC	libavutil/encryption_info.o
CC	libavutil/error.o
CC	libavutil/eval.o
CC	libavutil/executor.o
CC	libavutil/fifo.o
CC	libavutil/file.o
CC	libavutil/file_open.o
CC	libavutil/film_grain_params.o
CC	libavutil/fixed_dsp.o
CC	libavutil/float_dsp.o
CC	libavutil/float_scalarproduct.o
CC	libavutil/frame.o
CC	libavutil/hash.o
CC	libavutil/hdr_dynamic_metadata.o
CC	libavutil/hdr_dynamic_vivid_metadata.o
CC	libavutil/hmac.o
CC	libavutil/hwcontext.o
CC	libavutil/hwcontext_stub.o
CC	libavutil/iamf.o
CC	libavutil/imgutils.o
CC	libavutil/integer.o
CC	libavutil/intmath.o
CC	libavutil/lfg.o
CC	libavutil/lls.o
CC	libavutil/log.o
CC	libavutil/log2_tab.o
CC	libavutil/lzo.o
CC	libavutil/mastering_display_metadata.o
CC	libavutil/mathematics.o
CC	libavutil/md5.o
CC	libavutil/mem.o
CC	libavutil/murmur3.o
CC	libavutil/opt.o
CC	libavutil/parseutils.o
CC	libavutil/pixdesc.o
CC	libavutil/pixelutils.o
CC	libavutil/random_seed.o
CC	libavutil/rational.o
CC	libavutil/rc4.o
CC	libavutil/refstruct.o
CC	libavutil/reverse.o
CC	libavutil/ripemd.o
CC	libavutil/samplefmt.o
CC	libavutil/sha.o
CC	libavutil/sha512.o
CC	libavutil/side_data.o
CC	libavutil/slicethread.o
CC	libavutil/spherical.o
CC	libavutil/stereo3d.o
CC	libavutil/tdrdi.o
CC	libavutil/tea.o
CC	libavutil/threadmessage.o
CC	libavutil/time.o
CC	libavutil/timecode.o
CC	libavutil/timecode_internal.o
CC	libavutil/timestamp.o
CC	libavutil/tree.o
CC	libavutil/twofish.o
CC	libavutil/tx.o
CC	libavutil/tx_double.o
CC	libavutil/tx_float.o
CC	libavutil/tx_int32.o
CC	libavutil/utils.o
CC	libavutil/uuid.o
CC	libavutil/version.o
CC	libavutil/video_enc_params.o
CC	libavutil/video_hint.o
CC	libavutil/xga_font_data.o
CC	libavutil/xtea.o
AR	libavutil/libavutil.a
Q3_STAGE compile exit=0
Q3_STAGE link start
Q3_STAGE link exit=0
