TAP version 13
# Subtest: maintained report copies exact counts/category/pages/bytes without names,IDs or unknown raw keys
ok 1 - maintained report copies exact counts/category/pages/bytes without names,IDs or unknown raw keys
  ---
  duration_ms: 13.4029
  type: 'test'
  ...
# Subtest: unsafe unknown counters, malformed count sums, unsupported schema and incomplete pass fail closed
ok 2 - unsafe unknown counters, malformed count sums, unsupported schema and incomplete pass fail closed
  ---
  duration_ms: 7.6874
  type: 'test'
  ...
# Subtest: metadata-only producer emits two exact maintained denominators, explicit unprobed counts and zero media
ok 3 - metadata-only producer emits two exact maintained denominators, explicit unprobed counts and zero media
  ---
  duration_ms: 20.7389
  type: 'test'
  ...
# Subtest: probe mode rejected before metadata/media and before owner/normalization side effects
ok 4 - probe mode rejected before metadata/media and before owner/normalization side effects
  ---
  duration_ms: 1.9439
  type: 'test'
  ...
# Subtest: final catalog failure retains both denominator snapshots without publishing completion
ok 5 - final catalog failure retains both denominator snapshots without publishing completion
  ---
  duration_ms: 2.6138
  type: 'test'
  ...
# Subtest: 512 metadata cap, owner change and cleanup failure remain unchanged in denominator producer
ok 6 - 512 metadata cap, owner change and cleanup failure remain unchanged in denominator producer
  ---
  duration_ms: 65.0468
  type: 'test'
  ...
# Subtest: historical maintained report is accepted as schema fixture only with exact large counts and bytes
ok 7 - historical maintained report is accepted as schema fixture only with exact large counts and bytes
  ---
  duration_ms: 10.2664
  type: 'test'
  ...
# Subtest: representatives cannot exceed inventory and coverage remains current-run metadata only
ok 8 - representatives cannot exceed inventory and coverage remains current-run metadata only
  ---
  duration_ms: 1.1853
  type: 'test'
  ...
# Subtest: v4 expression deterministic, isolated, current21 fenced and exact same strict lexical facade
ok 9 - v4 expression deterministic, isolated, current21 fenced and exact same strict lexical facade
  ---
  duration_ms: 10.2819
  type: 'test'
  ...
1..9
# tests 9
# suites 0
# pass 9
# fail 0
# cancelled 0
# skipped 0
# todo 0
# duration_ms 227.4841
